[debug] [2026-08-14T07:06:55.516Z] ----------------------------------------------------------------------
[debug] [2026-08-14T07:06:55.518Z] Command:       /usr/local/bin/node /Users/loganmartinez/.npm/_npx/ba4f1959e38407b5/node_modules/.bin/firebase deploy --only functions,hosting --force
[debug] [2026-08-14T07:06:55.518Z] CLI Version:   15.27.0
[debug] [2026-08-14T07:06:55.518Z] Platform:      darwin
[debug] [2026-08-14T07:06:55.519Z] Node Version:  v22.16.0
[debug] [2026-08-14T07:06:55.519Z] Detected Agent: antigravity
[debug] [2026-08-14T07:06:55.519Z] Time:          Fri Aug 14 2026 01:06:55 GMT-0600 (Mountain Daylight Time)
[debug] [2026-08-14T07:06:55.519Z] ----------------------------------------------------------------------
[debug] 
[debug] [2026-08-14T07:06:56.357Z] > command requires scopes: ["email","openid","https://www.googleapis.com/auth/cloudplatformprojects.readonly","https://www.googleapis.com/auth/firebase","https://www.googleapis.com/auth/cloud-platform"]
[debug] [2026-08-14T07:06:56.358Z] > authorizing via signed-in user (loganmartinez1@gmail.com)
[debug] [2026-08-14T07:06:56.358Z] [iam] checking project card-id-app for permissions ["cloudfunctions.functions.create","cloudfunctions.functions.delete","cloudfunctions.functions.get","cloudfunctions.functions.list","cloudfunctions.functions.update","cloudfunctions.operations.get","firebase.projects.get","firebasehosting.sites.update"]
[debug] [2026-08-14T07:06:56.364Z] Checked if tokens are valid: true, expires at: 1786692774931
[debug] [2026-08-14T07:06:56.364Z] Checked if tokens are valid: true, expires at: 1786692774931
[debug] [2026-08-14T07:06:56.365Z] >>> [apiv2][query] POST https://cloudresourcemanager.googleapis.com/v1/projects/card-id-app:testIamPermissions [none]
[debug] [2026-08-14T07:06:56.365Z] >>> [apiv2][(partial)header] POST https://cloudresourcemanager.googleapis.com/v1/projects/card-id-app:testIamPermissions  x-goog-user-project=card-id-app
[debug] [2026-08-14T07:06:56.365Z] >>> [apiv2][body] POST https://cloudresourcemanager.googleapis.com/v1/projects/card-id-app:testIamPermissions {"permissions":["cloudfunctions.functions.create","cloudfunctions.functions.delete","cloudfunctions.functions.get","cloudfunctions.functions.list","cloudfunctions.functions.update","cloudfunctions.operations.get","firebase.projects.get","firebasehosting.sites.update"]}
[debug] [2026-08-14T07:06:56.614Z] <<< [apiv2][status] POST https://cloudresourcemanager.googleapis.com/v1/projects/card-id-app:testIamPermissions 200
[debug] [2026-08-14T07:06:56.614Z] <<< [apiv2][body] POST https://cloudresourcemanager.googleapis.com/v1/projects/card-id-app:testIamPermissions {"permissions":["cloudfunctions.functions.create","cloudfunctions.functions.delete","cloudfunctions.functions.get","cloudfunctions.functions.list","cloudfunctions.functions.update","cloudfunctions.operations.get","firebase.projects.get","firebasehosting.sites.update"]}
[debug] [2026-08-14T07:06:56.615Z] Checked if tokens are valid: true, expires at: 1786692774931
[debug] [2026-08-14T07:06:56.615Z] Checked if tokens are valid: true, expires at: 1786692774931
[debug] [2026-08-14T07:06:56.615Z] >>> [apiv2][query] POST https://iam.googleapis.com/v1/projects/card-id-app/serviceAccounts/card-id-app@appspot.gserviceaccount.com:testIamPermissions [none]
[debug] [2026-08-14T07:06:56.615Z] >>> [apiv2][body] POST https://iam.googleapis.com/v1/projects/card-id-app/serviceAccounts/card-id-app@appspot.gserviceaccount.com:testIamPermissions {"permissions":["iam.serviceAccounts.actAs"]}
[debug] [2026-08-14T07:06:56.833Z] <<< [apiv2][status] POST https://iam.googleapis.com/v1/projects/card-id-app/serviceAccounts/card-id-app@appspot.gserviceaccount.com:testIamPermissions 200
[debug] [2026-08-14T07:06:56.833Z] <<< [apiv2][body] POST https://iam.googleapis.com/v1/projects/card-id-app/serviceAccounts/card-id-app@appspot.gserviceaccount.com:testIamPermissions {"permissions":["iam.serviceAccounts.actAs"]}
[debug] [2026-08-14T07:06:56.834Z] Checked if tokens are valid: true, expires at: 1786692774931
[debug] [2026-08-14T07:06:56.834Z] Checked if tokens are valid: true, expires at: 1786692774931
[debug] [2026-08-14T07:06:56.834Z] >>> [apiv2][query] GET https://firebase.googleapis.com/v1beta1/projects/card-id-app [none]
[debug] [2026-08-14T07:06:57.069Z] <<< [apiv2][status] GET https://firebase.googleapis.com/v1beta1/projects/card-id-app 200
[debug] [2026-08-14T07:06:57.069Z] <<< [apiv2][body] GET https://firebase.googleapis.com/v1beta1/projects/card-id-app {"projectId":"card-id-app","projectNumber":"327141290136","displayName":"Card ID App","name":"projects/card-id-app","resources":{"hostingSite":"card-id-app"},"state":"ACTIVE","labels":{"firebase":"enabled"},"etag":"1_dd94e232-a463-4c24-b6e0-5637fb860a45"}
[info] 
[info] === Deploying to 'card-id-app'...
[info] 
[info] i  deploying functions, hosting 
[debug] [2026-08-14T07:06:57.072Z] Checked if tokens are valid: true, expires at: 1786692774931
[debug] [2026-08-14T07:06:57.072Z] Checked if tokens are valid: true, expires at: 1786692774931
[debug] [2026-08-14T07:06:57.072Z] >>> [apiv2][query] GET https://cloudresourcemanager.googleapis.com/v1/projects/card-id-app [none]
[debug] [2026-08-14T07:06:57.177Z] <<< [apiv2][status] GET https://cloudresourcemanager.googleapis.com/v1/projects/card-id-app 200
[debug] [2026-08-14T07:06:57.177Z] <<< [apiv2][body] GET https://cloudresourcemanager.googleapis.com/v1/projects/card-id-app {"projectNumber":"327141290136","projectId":"card-id-app","lifecycleState":"ACTIVE","name":"Card ID App","labels":{"firebase":"enabled","firebase-core":"disabled"},"createTime":"2026-08-14T00:51:31.045Z"}
[info] i  functions: preparing codebase default for deployment 
[info] i  functions: ensuring required API cloudfunctions.googleapis.com is enabled... 
[info] i  functions: ensuring required API cloudbuild.googleapis.com is enabled... 
[info] i  artifactregistry: ensuring required API artifactregistry.googleapis.com is enabled... 
[debug] [2026-08-14T07:06:57.178Z] Checked if tokens are valid: true, expires at: 1786692774931
[debug] [2026-08-14T07:06:57.178Z] Checked if tokens are valid: true, expires at: 1786692774931
[debug] [2026-08-14T07:06:57.178Z] >>> [apiv2][query] GET https://firebase.googleapis.com/v1beta1/projects/card-id-app/adminSdkConfig [none]
[debug] [2026-08-14T07:06:57.567Z] <<< [apiv2][status] GET https://firebase.googleapis.com/v1beta1/projects/card-id-app/adminSdkConfig 200
[debug] [2026-08-14T07:06:57.567Z] <<< [apiv2][body] GET https://firebase.googleapis.com/v1beta1/projects/card-id-app/adminSdkConfig {"projectId":"card-id-app","storageBucket":"card-id-app.firebasestorage.app"}
[debug] [2026-08-14T07:06:57.568Z] Checked if tokens are valid: true, expires at: 1786692774931
[debug] [2026-08-14T07:06:57.568Z] Checked if tokens are valid: true, expires at: 1786692774931
[debug] [2026-08-14T07:06:57.568Z] >>> [apiv2][query] GET https://runtimeconfig.googleapis.com/v1beta1/projects/card-id-app/configs [none]
[debug] [2026-08-14T07:06:57.829Z] <<< [apiv2][status] GET https://runtimeconfig.googleapis.com/v1beta1/projects/card-id-app/configs 200
[debug] [2026-08-14T07:06:57.829Z] <<< [apiv2][body] GET https://runtimeconfig.googleapis.com/v1beta1/projects/card-id-app/configs {}
[debug] [2026-08-14T07:06:57.830Z] Validating nodejs source
[warn] ⚠  functions: Runtime Node.js 20 was deprecated on 2026-04-30 and will be decommissioned on 2026-10-30, after which you will not be able to deploy without upgrading. Consider upgrading now to avoid disruption. See https://cloud.google.com/functions/docs/runtime-support for full details on the lifecycle policy 
[warn] ⚠  functions: package.json indicates an outdated version of firebase-functions. Please upgrade using npm install --save firebase-functions@latest in your functions directory. 
[warn] ⚠  functions: Please note that there will be breaking changes when you upgrade. 
[debug] [2026-08-14T07:06:58.160Z] > [functions] package.json contents: {
  "name": "card-id-functions",
  "scripts": {
    "build": "tsc",
    "build:watch": "tsc --watch",
    "serve": "npm run build && firebase serve --only functions",
    "shell": "npm run build && firebase functions:shell",
    "start": "npm run shell",
    "deploy": "firebase deploy --only functions",
    "logs": "firebase functions:logs"
  },
  "engines": {
    "node": "20"
  },
  "main": "lib/index.js",
  "dependencies": {
    "@google/genai": "^2.17.0",
    "firebase-admin": "^12.0.0",
    "firebase-functions": "^5.0.0"
  },
  "devDependencies": {
    "typescript": "^5.0.0"
  },
  "private": true
}
[debug] [2026-08-14T07:06:58.160Z] Building nodejs source
[info] i  functions: Loading and analyzing source code for codebase default to determine what to deploy 
[debug] [2026-08-14T07:06:58.161Z] Could not find functions.yaml. Must use http discovery
[debug] [2026-08-14T07:06:58.165Z] Found firebase-functions binary at '/Users/loganmartinez/Desktop/card iD/functions/node_modules/.bin/firebase-functions'
[info] Serving at port 8367

[debug] [2026-08-14T07:06:58.462Z] Got response from /__/functions.yaml {"endpoints":{"identifyCard":{"availableMemoryMb":null,"timeoutSeconds":60,"minInstances":null,"maxInstances":10,"ingressSettings":null,"concurrency":null,"serviceAccountEmail":null,"vpc":null,"platform":"gcfv2","labels":{},"callableTrigger":{},"entryPoint":"identifyCard"}},"specVersion":"v1alpha1","requiredAPIs":[],"extensions":{}}
[debug] [2026-08-14T07:07:01.481Z] Checked if tokens are valid: true, expires at: 1786692774931
[debug] [2026-08-14T07:07:01.481Z] Checked if tokens are valid: true, expires at: 1786692774931
[debug] [2026-08-14T07:07:01.481Z] >>> [apiv2][query] GET https://cloudfunctions.googleapis.com/v1/projects/card-id-app/locations/-/functions [none]
[debug] [2026-08-14T07:07:02.026Z] <<< [apiv2][status] GET https://cloudfunctions.googleapis.com/v1/projects/card-id-app/locations/-/functions 200
[debug] [2026-08-14T07:07:02.026Z] <<< [apiv2][body] GET https://cloudfunctions.googleapis.com/v1/projects/card-id-app/locations/-/functions {}
[debug] [2026-08-14T07:07:02.026Z] Checked if tokens are valid: true, expires at: 1786692774931
[debug] [2026-08-14T07:07:02.026Z] Checked if tokens are valid: true, expires at: 1786692774931
[debug] [2026-08-14T07:07:02.026Z] >>> [apiv2][query] GET https://cloudfunctions.googleapis.com/v2/projects/card-id-app/locations/-/functions filter=environment%3D%22GEN_2%22
[debug] [2026-08-14T07:07:02.630Z] <<< [apiv2][status] GET https://cloudfunctions.googleapis.com/v2/projects/card-id-app/locations/-/functions 200
[debug] [2026-08-14T07:07:02.630Z] <<< [apiv2][body] GET https://cloudfunctions.googleapis.com/v2/projects/card-id-app/locations/-/functions {"functions":[{"name":"projects/card-id-app/locations/us-central1/functions/identifyCard","buildConfig":{"build":"projects/327141290136/locations/us-central1/builds/c41e93ac-411e-4a01-8948-bb19f9966668","runtime":"nodejs20","entryPoint":"identifyCard","source":{"storageSource":{"bucket":"gcf-v2-sources-327141290136-us-central1","object":"identifyCard/function-source.zip","generation":"1786689802132593"}},"environmentVariables":{"GOOGLE_NODE_RUN_SCRIPTS":""},"dockerRepository":"projects/card-id-app/locations/us-central1/repositories/gcf-artifacts","sourceProvenance":{"resolvedStorageSource":{"bucket":"gcf-v2-sources-327141290136-us-central1","object":"identifyCard/function-source.zip","generation":"1786689802132593"}},"dockerRegistry":"ARTIFACT_REGISTRY","serviceAccount":"projects/card-id-app/serviceAccounts/327141290136-compute@developer.gserviceaccount.com","automaticUpdatePolicy":{}},"serviceConfig":{"service":"projects/card-id-app/locations/us-central1/services/identifycard","timeoutSeconds":60,"environmentVariables":{"FIREBASE_CONFIG":"{\"projectId\":\"card-id-app\",\"storageBucket\":\"card-id-app.firebasestorage.app\"}","GCLOUD_PROJECT":"card-id-app","EVENTARC_CLOUD_EVENT_SOURCE":"projects/card-id-app/locations/us-central1/services/identifyCard","FUNCTION_REGION":"us-central1","FUNCTION_TARGET":"identifyCard","LOG_EXECUTION_ID":"true"},"maxInstanceCount":10,"ingressSettings":"ALLOW_ALL","uri":"https://identifycard-7mkzgq7nvq-uc.a.run.app","serviceAccountEmail":"327141290136-compute@developer.gserviceaccount.com","availableMemory":"256Mi","allTrafficOnLatestRevision":true,"revision":"identifycard-00002-jun","maxInstanceRequestConcurrency":80,"availableCpu":"1"},"state":"ACTIVE","updateTime":"2026-08-14T06:44:45.867829490Z","labels":{"deployment-tool":"cli-firebase","deployment-callable":"true","firebase-functions-hash":"1b535602c53e2b0d87fd37d49ed3c2048be9ba2b"},"environment":"GEN_2","url":"https://us-central1-card-id-app.cloudfunctions.net/identifyCard","createTime":"2026-08-14T06:38:17.841670004Z","satisfiesPzi":true}]}
[info] i  extensions: ensuring required API firebaseextensions.googleapis.com is enabled... 
[debug] [2026-08-14T07:07:02.631Z] > command requires scopes: ["email","openid","https://www.googleapis.com/auth/cloudplatformprojects.readonly","https://www.googleapis.com/auth/firebase","https://www.googleapis.com/auth/cloud-platform"]
[debug] [2026-08-14T07:07:02.631Z] > authorizing via signed-in user (loganmartinez1@gmail.com)
[debug] [2026-08-14T07:07:02.631Z] [iam] checking project card-id-app for permissions ["firebase.projects.get","firebaseextensions.instances.list"]
[debug] [2026-08-14T07:07:02.632Z] Checked if tokens are valid: true, expires at: 1786692774931
[debug] [2026-08-14T07:07:02.632Z] Checked if tokens are valid: true, expires at: 1786692774931
[debug] [2026-08-14T07:07:02.632Z] >>> [apiv2][query] POST https://cloudresourcemanager.googleapis.com/v1/projects/card-id-app:testIamPermissions [none]
[debug] [2026-08-14T07:07:02.632Z] >>> [apiv2][(partial)header] POST https://cloudresourcemanager.googleapis.com/v1/projects/card-id-app:testIamPermissions  x-goog-user-project=card-id-app
[debug] [2026-08-14T07:07:02.632Z] >>> [apiv2][body] POST https://cloudresourcemanager.googleapis.com/v1/projects/card-id-app:testIamPermissions {"permissions":["firebase.projects.get","firebaseextensions.instances.list"]}
[debug] [2026-08-14T07:07:02.731Z] <<< [apiv2][status] POST https://cloudresourcemanager.googleapis.com/v1/projects/card-id-app:testIamPermissions 200
[debug] [2026-08-14T07:07:02.731Z] <<< [apiv2][body] POST https://cloudresourcemanager.googleapis.com/v1/projects/card-id-app:testIamPermissions {"permissions":["firebase.projects.get","firebaseextensions.instances.list"]}
[debug] [2026-08-14T07:07:02.732Z] Checked if tokens are valid: true, expires at: 1786692774931
[debug] [2026-08-14T07:07:02.732Z] Checked if tokens are valid: true, expires at: 1786692774931
[debug] [2026-08-14T07:07:02.732Z] >>> [apiv2][query] GET https://firebaseextensions.googleapis.com/v1beta/projects/card-id-app/instances pageSize=100&pageToken=
[debug] [2026-08-14T07:07:03.082Z] <<< [apiv2][status] GET https://firebaseextensions.googleapis.com/v1beta/projects/card-id-app/instances 200
[debug] [2026-08-14T07:07:03.082Z] <<< [apiv2][body] GET https://firebaseextensions.googleapis.com/v1beta/projects/card-id-app/instances {}
[debug] [2026-08-14T07:07:03.083Z] Attempting to merge .env secret bindings {} into declared secrets...)}
[debug] [2026-08-14T07:07:03.083Z] identifyCard declared secrets: undefined
[info] i  functions: preparing functions directory for uploading... 
[info] i  functions: packaged /Users/loganmartinez/Desktop/card iD/functions (36.41 KB) for uploading 
[info] i  functions: ensuring required API run.googleapis.com is enabled... 
[info] i  functions: ensuring required API eventarc.googleapis.com is enabled... 
[info] i  functions: ensuring required API pubsub.googleapis.com is enabled... 
[info] i  functions: ensuring required API storage.googleapis.com is enabled... 
[info] i  functions: generating the service identity for pubsub.googleapis.com... 
[debug] [2026-08-14T07:07:03.110Z] Checked if tokens are valid: true, expires at: 1786692774931
[debug] [2026-08-14T07:07:03.110Z] Checked if tokens are valid: true, expires at: 1786692774931
[info] i  functions: generating the service identity for eventarc.googleapis.com... 
[debug] [2026-08-14T07:07:03.110Z] Checked if tokens are valid: true, expires at: 1786692774931
[debug] [2026-08-14T07:07:03.110Z] Checked if tokens are valid: true, expires at: 1786692774931
[debug] [2026-08-14T07:07:03.110Z] >>> [apiv2][query] POST https://serviceusage.googleapis.com/v1beta1/projects/327141290136/services/pubsub.googleapis.com:generateServiceIdentity [none]
[debug] [2026-08-14T07:07:03.110Z] >>> [apiv2][(partial)header] POST https://serviceusage.googleapis.com/v1beta1/projects/327141290136/services/pubsub.googleapis.com:generateServiceIdentity  x-goog-user-project=327141290136
[debug] [2026-08-14T07:07:03.110Z] >>> [apiv2][body] POST https://serviceusage.googleapis.com/v1beta1/projects/327141290136/services/pubsub.googleapis.com:generateServiceIdentity {}
[debug] [2026-08-14T07:07:03.111Z] >>> [apiv2][query] POST https://serviceusage.googleapis.com/v1beta1/projects/327141290136/services/eventarc.googleapis.com:generateServiceIdentity [none]
[debug] [2026-08-14T07:07:03.111Z] >>> [apiv2][(partial)header] POST https://serviceusage.googleapis.com/v1beta1/projects/327141290136/services/eventarc.googleapis.com:generateServiceIdentity  x-goog-user-project=327141290136
[debug] [2026-08-14T07:07:03.111Z] >>> [apiv2][body] POST https://serviceusage.googleapis.com/v1beta1/projects/327141290136/services/eventarc.googleapis.com:generateServiceIdentity {}
[debug] [2026-08-14T07:07:03.439Z] <<< [apiv2][status] POST https://serviceusage.googleapis.com/v1beta1/projects/327141290136/services/pubsub.googleapis.com:generateServiceIdentity 200
[debug] [2026-08-14T07:07:03.439Z] <<< [apiv2][body] POST https://serviceusage.googleapis.com/v1beta1/projects/327141290136/services/pubsub.googleapis.com:generateServiceIdentity {"name":"operations/finished.DONE_OPERATION","done":true,"response":{"@type":"type.googleapis.com/google.api.serviceusage.v1beta1.ServiceIdentity","email":"service-327141290136@gcp-sa-pubsub.iam.gserviceaccount.com","uniqueId":"103380073746043080757"}}
[debug] [2026-08-14T07:07:03.750Z] <<< [apiv2][status] POST https://serviceusage.googleapis.com/v1beta1/projects/327141290136/services/eventarc.googleapis.com:generateServiceIdentity 200
[debug] [2026-08-14T07:07:03.751Z] <<< [apiv2][body] POST https://serviceusage.googleapis.com/v1beta1/projects/327141290136/services/eventarc.googleapis.com:generateServiceIdentity {"name":"operations/finished.DONE_OPERATION","done":true,"response":{"@type":"type.googleapis.com/google.api.serviceusage.v1beta1.ServiceIdentity","email":"service-327141290136@gcp-sa-eventarc.iam.gserviceaccount.com","uniqueId":"117061268816715187640"}}
[debug] [2026-08-14T07:07:03.752Z] Checked if tokens are valid: true, expires at: 1786692774931
[debug] [2026-08-14T07:07:03.752Z] Checked if tokens are valid: true, expires at: 1786692774931
[debug] [2026-08-14T07:07:03.752Z] >>> [apiv2][query] GET https://cloudresourcemanager.googleapis.com/v1/projects/card-id-app [none]
[debug] [2026-08-14T07:07:03.858Z] <<< [apiv2][status] GET https://cloudresourcemanager.googleapis.com/v1/projects/card-id-app 200
[debug] [2026-08-14T07:07:03.858Z] <<< [apiv2][body] GET https://cloudresourcemanager.googleapis.com/v1/projects/card-id-app {"projectNumber":"327141290136","projectId":"card-id-app","lifecycleState":"ACTIVE","name":"Card ID App","labels":{"firebase":"enabled","firebase-core":"disabled"},"createTime":"2026-08-14T00:51:31.045Z"}
[debug] [2026-08-14T07:07:03.859Z] Checked if tokens are valid: true, expires at: 1786692774931
[debug] [2026-08-14T07:07:03.859Z] Checked if tokens are valid: true, expires at: 1786692774931
[debug] [2026-08-14T07:07:03.859Z] >>> [apiv2][query] GET https://compute.googleapis.com/compute/v1/projects/327141290136 [none]
[debug] [2026-08-14T07:07:04.048Z] <<< [apiv2][status] GET https://compute.googleapis.com/compute/v1/projects/327141290136 403
[debug] [2026-08-14T07:07:04.048Z] <<< [apiv2][body] GET https://compute.googleapis.com/compute/v1/projects/327141290136 {"error":{"code":403,"message":"Compute Engine API has not been used in project 327141290136 before or it is disabled. Enable it by visiting https://console.developers.google.com/apis/api/compute.googleapis.com/overview?project=327141290136 then retry. If you enabled this API recently, wait a few minutes for the action to propagate to our systems and retry.","errors":[{"message":"Compute Engine API has not been used in project 327141290136 before or it is disabled. Enable it by visiting https://console.developers.google.com/apis/api/compute.googleapis.com/overview?project=327141290136 then retry. If you enabled this API recently, wait a few minutes for the action to propagate to our systems and retry.","domain":"usageLimits","reason":"accessNotConfigured","extendedHelp":"https://console.developers.google.com"}],"status":"PERMISSION_DENIED","details":[{"@type":"type.googleapis.com/google.rpc.ErrorInfo","reason":"SERVICE_DISABLED","domain":"googleapis.com","metadata":{"consumer":"projects/327141290136","service":"compute.googleapis.com","serviceTitle":"Compute Engine API","activationUrl":"https://console.developers.google.com/apis/api/compute.googleapis.com/overview?project=327141290136","containerInfo":"327141290136"}},{"@type":"type.googleapis.com/google.rpc.LocalizedMessage","locale":"en-US","message":"Compute Engine API has not been used in project 327141290136 before or it is disabled. Enable it by visiting https://console.developers.google.com/apis/api/compute.googleapis.com/overview?project=327141290136 then retry. If you enabled this API recently, wait a few minutes for the action to propagate to our systems and retry."},{"@type":"type.googleapis.com/google.rpc.Help","links":[{"description":"Google developers console API activation","url":"https://console.developers.google.com/apis/api/compute.googleapis.com/overview?project=327141290136"}]}]}}
[debug] [2026-08-14T07:07:04.048Z] unable to look up default compute service account. Falling back to 327141290136-compute@developer.gserviceaccount.com. Error: {"name":"FirebaseError","children":[],"context":{"body":{"error":{"code":403,"message":"Compute Engine API has not been used in project 327141290136 before or it is disabled. Enable it by visiting https://console.developers.google.com/apis/api/compute.googleapis.com/overview?project=327141290136 then retry. If you enabled this API recently, wait a few minutes for the action to propagate to our systems and retry.","errors":[{"message":"Compute Engine API has not been used in project 327141290136 before or it is disabled. Enable it by visiting https://console.developers.google.com/apis/api/compute.googleapis.com/overview?project=327141290136 then retry. If you enabled this API recently, wait a few minutes for the action to propagate to our systems and retry.","domain":"usageLimits","reason":"accessNotConfigured","extendedHelp":"https://console.developers.google.com"}],"status":"PERMISSION_DENIED","details":[{"@type":"type.googleapis.com/google.rpc.ErrorInfo","reason":"SERVICE_DISABLED","domain":"googleapis.com","metadata":{"consumer":"projects/327141290136","service":"compute.googleapis.com","serviceTitle":"Compute Engine API","activationUrl":"https://console.developers.google.com/apis/api/compute.googleapis.com/overview?project=327141290136","containerInfo":"327141290136"}},{"@type":"type.googleapis.com/google.rpc.LocalizedMessage","locale":"en-US","message":"Compute Engine API has not been used in project 327141290136 before or it is disabled. Enable it by visiting https://console.developers.google.com/apis/api/compute.googleapis.com/overview?project=327141290136 then retry. If you enabled this API recently, wait a few minutes for the action to propagate to our systems and retry."},{"@type":"type.googleapis.com/google.rpc.Help","links":[{"description":"Google developers console API activation","url":"https://console.developers.google.com/apis/api/compute.googleapis.com/overview?project=327141290136"}]}]}},"response":{"statusCode":403}},"exit":1,"message":"Request to https://compute.googleapis.com/compute/v1/projects/327141290136 had HTTP Error: 403, Compute Engine API has not been used in project 327141290136 before or it is disabled. Enable it by visiting https://console.developers.google.com/apis/api/compute.googleapis.com/overview?project=327141290136 then retry. If you enabled this API recently, wait a few minutes for the action to propagate to our systems and retry.","status":403}
[debug] [2026-08-14T07:07:04.049Z] Checked if tokens are valid: true, expires at: 1786692774931
[debug] [2026-08-14T07:07:04.049Z] Checked if tokens are valid: true, expires at: 1786692774931
[debug] [2026-08-14T07:07:04.049Z] >>> [apiv2][query] GET https://firebasehosting.googleapis.com/v1beta1/projects/card-id-app/sites/card-id-app [none]
[debug] [2026-08-14T07:07:04.814Z] <<< [apiv2][status] GET https://firebasehosting.googleapis.com/v1beta1/projects/card-id-app/sites/card-id-app 200
[debug] [2026-08-14T07:07:04.814Z] <<< [apiv2][body] GET https://firebasehosting.googleapis.com/v1beta1/projects/card-id-app/sites/card-id-app {"name":"projects/card-id-app/sites/card-id-app","defaultUrl":"https://card-id-app.web.app","type":"DEFAULT_SITE"}
[debug] [2026-08-14T07:07:04.815Z] Checked if tokens are valid: true, expires at: 1786692774931
[debug] [2026-08-14T07:07:04.815Z] Checked if tokens are valid: true, expires at: 1786692774931
[debug] [2026-08-14T07:07:04.815Z] >>> [apiv2][query] POST https://firebasehosting.googleapis.com/v1beta1/projects/-/sites/card-id-app/versions [none]
[debug] [2026-08-14T07:07:04.815Z] >>> [apiv2][body] POST https://firebasehosting.googleapis.com/v1beta1/projects/-/sites/card-id-app/versions {"status":"CREATED","labels":{"deployment-tool":"cli-firebase"}}
[debug] [2026-08-14T07:07:05.822Z] <<< [apiv2][status] POST https://firebasehosting.googleapis.com/v1beta1/projects/-/sites/card-id-app/versions 200
[debug] [2026-08-14T07:07:05.822Z] <<< [apiv2][body] POST https://firebasehosting.googleapis.com/v1beta1/projects/-/sites/card-id-app/versions {"name":"projects/327141290136/sites/card-id-app/versions/a594b3458864dfa2","status":"CREATED","config":{},"labels":{"deployment-tool":"cli-firebase"}}
[debug] [2026-08-14T07:07:05.823Z] Checked if tokens are valid: true, expires at: 1786692774931
[debug] [2026-08-14T07:07:05.823Z] Checked if tokens are valid: true, expires at: 1786692774931
[debug] [2026-08-14T07:07:05.823Z] >>> [apiv2][query] GET https://cloudbilling.googleapis.com/v1/projects/card-id-app/billingInfo [none]
[debug] [2026-08-14T07:07:05.823Z] >>> [apiv2][(partial)header] GET https://cloudbilling.googleapis.com/v1/projects/card-id-app/billingInfo  x-goog-user-project=card-id-app
[debug] [2026-08-14T07:07:06.396Z] <<< [apiv2][status] GET https://cloudbilling.googleapis.com/v1/projects/card-id-app/billingInfo 200
[debug] [2026-08-14T07:07:06.396Z] <<< [apiv2][body] GET https://cloudbilling.googleapis.com/v1/projects/card-id-app/billingInfo {"name":"projects/card-id-app/billingInfo","projectId":"card-id-app","billingAccountName":"billingAccounts/012A4F-3FD924-7D53A3","billingEnabled":true}
[debug] [2026-08-14T07:07:06.397Z] Checked if tokens are valid: true, expires at: 1786692774931
[debug] [2026-08-14T07:07:06.397Z] Checked if tokens are valid: true, expires at: 1786692774931
[debug] [2026-08-14T07:07:06.398Z] >>> [apiv2][query] POST https://cloudfunctions.googleapis.com/v2/projects/card-id-app/locations/us-central1/functions:generateUploadUrl [none]
[debug] [2026-08-14T07:07:06.816Z] <<< [apiv2][status] POST https://cloudfunctions.googleapis.com/v2/projects/card-id-app/locations/us-central1/functions:generateUploadUrl 200
[debug] [2026-08-14T07:07:06.816Z] <<< [apiv2][body] POST https://cloudfunctions.googleapis.com/v2/projects/card-id-app/locations/us-central1/functions:generateUploadUrl {"uploadUrl":"https://storage.googleapis.com/gcf-v2-uploads-327141290136.us-central1.cloudfunctions.appspot.com/4127b16c-c64d-4bd4-958e-ee0f267760f9.zip?GoogleAccessId=service-327141290136@gcf-admin-robot.iam.gserviceaccount.com&Expires=1786693026&Signature=kheRq0YA48vWGrM6dULgZUqqNVCRICCHiY1gDV7BVcybaC27HTOJ2DkDIW9Eqg2TbTONozjMvWXUQK0w5LCuxNt6RSUZHAvJ6iiUh5S2J6meJ54%2BkEyLh%2FEj3wnwSF2HDXPDGao9aOavkQwAaZiQ%2FL0cpZqMn%2BL2hZ2hgHl4zPavuzVfZvnDL6xGTCXmvRPVXfOG2AUwk%2BjJmODo1hBw6VBDkbYSo43tKkjzSH%2F5Nf5MAxU%2BhrNSMGDVDu6YminI9%2F89h%2FIFrWh%2B1q8%2B6mSOgiw1zII3BRDnHXf1QvYpJImHlKvql3EYYtOxevryd9Tk4yNElZbucP6%2BNEkRYo3HmA%3D%3D","storageSource":{"bucket":"gcf-v2-uploads-327141290136.us-central1.cloudfunctions.appspot.com","object":"4127b16c-c64d-4bd4-958e-ee0f267760f9.zip"}}
[debug] [2026-08-14T07:07:06.817Z] >>> [apiv2][query] PUT https://storage.googleapis.com/gcf-v2-uploads-327141290136.us-central1.cloudfunctions.appspot.com/4127b16c-c64d-4bd4-958e-ee0f267760f9.zip GoogleAccessId=service-327141290136%40gcf-admin-robot.iam.gserviceaccount.com&Expires=1786693026&Signature=kheRq0YA48vWGrM6dULgZUqqNVCRICCHiY1gDV7BVcybaC27HTOJ2DkDIW9Eqg2TbTONozjMvWXUQK0w5LCuxNt6RSUZHAvJ6iiUh5S2J6meJ54%2BkEyLh%2FEj3wnwSF2HDXPDGao9aOavkQwAaZiQ%2FL0cpZqMn%2BL2hZ2hgHl4zPavuzVfZvnDL6xGTCXmvRPVXfOG2AUwk%2BjJmODo1hBw6VBDkbYSo43tKkjzSH%2F5Nf5MAxU%2BhrNSMGDVDu6YminI9%2F89h%2FIFrWh%2B1q8%2B6mSOgiw1zII3BRDnHXf1QvYpJImHlKvql3EYYtOxevryd9Tk4yNElZbucP6%2BNEkRYo3HmA%3D%3D
[debug] [2026-08-14T07:07:06.817Z] >>> [apiv2][body] PUT https://storage.googleapis.com/gcf-v2-uploads-327141290136.us-central1.cloudfunctions.appspot.com/4127b16c-c64d-4bd4-958e-ee0f267760f9.zip [stream]
[debug] [2026-08-14T07:07:07.095Z] <<< [apiv2][status] PUT https://storage.googleapis.com/gcf-v2-uploads-327141290136.us-central1.cloudfunctions.appspot.com/4127b16c-c64d-4bd4-958e-ee0f267760f9.zip 200
[debug] [2026-08-14T07:07:07.095Z] <<< [apiv2][body] PUT https://storage.googleapis.com/gcf-v2-uploads-327141290136.us-central1.cloudfunctions.appspot.com/4127b16c-c64d-4bd4-958e-ee0f267760f9.zip [omitted]
[info] ✔  functions: functions source uploaded successfully 
[info] i  hosting[card-id-app]: beginning deploy... 
[info] i  hosting[card-id-app]: found 40 files in out 
[debug] [2026-08-14T07:07:07.107Z] [hosting] uploading with 200 concurrency
[debug] [2026-08-14T07:07:07.149Z] Checked if tokens are valid: true, expires at: 1786692774931
[debug] [2026-08-14T07:07:07.149Z] Checked if tokens are valid: true, expires at: 1786692774931
[debug] [2026-08-14T07:07:07.150Z] [hosting] hash cache [b3V0] stored for 40 files
[debug] [2026-08-14T07:07:07.150Z] [hosting][hash queue][FINAL] {"max":40,"min":8,"avg":9.549999999999999,"active":0,"complete":40,"success":40,"errored":0,"retried":0,"total":40,"elapsed":43}
[debug] [2026-08-14T07:07:07.150Z] >>> [apiv2][query] POST https://firebasehosting.googleapis.com/v1beta1/projects/327141290136/sites/card-id-app/versions/a594b3458864dfa2:populateFiles [none]
[debug] [2026-08-14T07:07:07.150Z] >>> [apiv2][body] POST https://firebasehosting.googleapis.com/v1beta1/projects/327141290136/sites/card-id-app/versions/a594b3458864dfa2:populateFiles {"files":{"/vercel.svg":"ffb3d6634c37da9451d60557ed0e6e513e2889672e0bf202d2558062062a048a","/window.svg":"bf07bc7ddc1ae03e7936a9347de10e85cf9a0e51f99bd8293b2a8eeca6463b49","/next.svg":"7b16665552cb47db34db342505d6d340caaf5813ca2cba1df3536ed67ea33f64","/file.svg":"cb6477bad43c44ba222b8cddfa7e4fe646b19ec7449646e8c2a426354faa630e","/index.txt":"5544531b8c8c499c3ea9ee5519b459e22f4fa9f1293a233c0dde9485b743bc10","/_not-found.txt":"610222a3b12d367d7ecea9be81b8e9b36b71cc6870b643a2c4f24814e88f243c","/globe.svg":"914fe1f576f68698d9e329ea8ec6c542d8d5f150af08f1a360d188fed7597c23","/__next._tree.txt":"9e131e3b3c9e30c6881ded75c20554a2bd0730f664c36b56d21cf9338c70a748","/_not-found.html":"1270f363d708c8c42d9501dbe154fa154aea2d1700006b6c264ec72eeed8c1d7","/__next.__PAGE__.txt":"673994019e38d55c5236d27132044673302011d109b364e1113f2d6ed94d1395","/_not-found/__next._not-found.__PAGE__.txt":"0f835dcbdd3147a3639f4206c000dc33b7e473acfb78a2535b370e691cef62fc","/__next._full.txt":"5544531b8c8c499c3ea9ee5519b459e22f4fa9f1293a233c0dde9485b743bc10","/_not-found/__next._tree.txt":"e04650cced894222f8cdafac20d73673364a7598c588853a72adab0eeff101fc","/_not-found/__next._full.txt":"610222a3b12d367d7ecea9be81b8e9b36b71cc6870b643a2c4f24814e88f243c","/index.html":"547ec636f1c1b612d9296970f600e448d0c5813df9ec8c39eb68496359efa971","/404.html":"1270f363d708c8c42d9501dbe154fa154aea2d1700006b6c264ec72eeed8c1d7","/_next/static/media/fef07dbb0973bf53-s.3p2_lha1f2xer.woff2":"f5cb5734e3de0ba020530d4dcb6715f63a2a598883ac7b0fd0ad690745989813","/_next/static/media/bbc41e54d2fcbd21-s.1rgnod-3esatf.woff2":"ad166ce8ce097d218ef17ac4406c855e6c3cb82a1e04e3a58d6f6dce9aab0b37","/_next/static/media/7d817b4c03b0c5f1-s.1uyisp29ctx0d.woff2":"e7bd8be3c01ab592610c2bd831e0d853e7834b40ab9ed867da4721a800b6c533","/_next/static/media/6306c77e7c8268e4-s.2dbetqa9o8jxf.woff2":"55e81c70ffee235258a83e3c2e6582b4648cd1ecde7c91bbe4a2edd2fce426fc","/_next/static/media/4fa387ec64143e14-s.2tuy5pz7dlieh.woff2":"9f90f95c5f3e930b8b809c2e53ef1b72e54e8485ca74f05427f04e1232b9038e","/_next/static/media/8a480f0b521d4e75-s.1qq4vpdcun5oj.woff2":"8f2c71d3db2cf6ff7d82470222ec9ed54ab7b6f10e1aed79e360e37dd5f7dd29","/_next/static/media/53b9e256198e5412-s.390ncx5urfkfu.woff2":"2cb8e4da79ac8807e554f45c8b80ee68369f60d8c827fb6357bbf77baa48a1ec","/_next/static/media/5ce348bf30bf5439-s.31988l_ccedte.woff2":"277040341ba0480e7542e53ec427e62435bd94b211fc0d606bc81cbb3498bc58","/_next/static/chunks/3fntmmi971322.js":"04377fa8ec34e92477c4fe2324474c42c9f9c00e2d1a9b22f055c713cafacbe1","/favicon.ico":"8b9c4dce3353938d2027ab21f0489807587db05d65ef390a6947d32312e501a0","/_next/static/media/favicon.2vob68tjqpejf.ico":"8b9c4dce3353938d2027ab21f0489807587db05d65ef390a6947d32312e501a0","/_next/static/FdldOnNDIPdVENZeXNRdi/_ssgManifest.js":"02dbc1aeab6ef0a6ff2ff9a1643158cf9bb38929945eaa343a3627dee9ba6778","/_next/static/chunks/1inwntv0b4r-7.js":"a59240aa861fcf2ad6f6907dddbe4a69f01c1cd5e8412e4c7565dd96eef54198","/_next/static/chunks/3mal1bqsk2ph0.css":"461a4086cf6dce44afff4f1acea2994fe7b202a79c46ba95ee06a14a480a67c0","/_next/static/FdldOnNDIPdVENZeXNRdi/_buildManifest.js":"30ef2ac8f5c7eb81cae36ed0e00068cbbdf1fe45eaa179abe62d8e5cbcb54834","/_next/static/FdldOnNDIPdVENZeXNRdi/_clientMiddlewareManifest.js":"71746d8f7dd76765b2d29f00bab9b07c5c3f7d6cd01f61e47c260c661bc58508","/_next/static/chunks/turbopack-3m317prwdsejp.js":"1b7e36d3c5658fed56a0484e61ea7b6ffedb155c337381a7cc51ef40961a523b","/_next/static/media/caa3a2e1cccd8315-s.p.0wgildi0cnwt9.woff2":"94f3af5941889b2abdc7989f39744f6985234eb1449b9cf2b26803192d144cef","/_next/static/media/797e433ab948586e-s.p.0r6juujl39pe6.woff2":"fdc2d4a18e593c4899d50ec5bffef02b2175b5aea2ef806c2139c1e4796d2c9d","/_next/static/media/7178b3e590c64307-s.21jp631_3pja2.woff2":"fb4b80c5123c7ddc8d014d67755cf65ffb05e9871a74b524feb3aa6e99525caf","/_next/static/chunks/0cz1d0mv5g_q7.js":"67dee1c02c6a6700d63b5c1898cf2df618101a68a395db469192763d24925a23","/_next/static/chunks/16cy_u7zp784s.js":"0528f4f8a7c8dcf265bc09fffe90c7f676b6c42e3491e63d215fb236404fffae","/_next/static/chunks/08ttfj81-47mu.js":"cfc8d1dfe4d527a5c40fd9d8ecc75e5bfddd03583e93f7c8c7afba08b7a93ba2","/_next/static/chunks/28rp166ze5x_a.js":"5518c70b2bc6f47497b909cb585cf5c22ed5ece8afc67df14b4e777f78b5423d"}}
[debug] [2026-08-14T07:07:07.902Z] <<< [apiv2][status] POST https://firebasehosting.googleapis.com/v1beta1/projects/327141290136/sites/card-id-app/versions/a594b3458864dfa2:populateFiles 200
[debug] [2026-08-14T07:07:07.903Z] <<< [apiv2][body] POST https://firebasehosting.googleapis.com/v1beta1/projects/327141290136/sites/card-id-app/versions/a594b3458864dfa2:populateFiles {"uploadRequiredHashes":["1270f363d708c8c42d9501dbe154fa154aea2d1700006b6c264ec72eeed8c1d7","547ec636f1c1b612d9296970f600e448d0c5813df9ec8c39eb68496359efa971","610222a3b12d367d7ecea9be81b8e9b36b71cc6870b643a2c4f24814e88f243c","5518c70b2bc6f47497b909cb585cf5c22ed5ece8afc67df14b4e777f78b5423d","673994019e38d55c5236d27132044673302011d109b364e1113f2d6ed94d1395","9e131e3b3c9e30c6881ded75c20554a2bd0730f664c36b56d21cf9338c70a748","0f835dcbdd3147a3639f4206c000dc33b7e473acfb78a2535b370e691cef62fc","5544531b8c8c499c3ea9ee5519b459e22f4fa9f1293a233c0dde9485b743bc10","e04650cced894222f8cdafac20d73673364a7598c588853a72adab0eeff101fc"],"uploadUrl":"https://upload-firebasehosting.googleapis.com/upload/sites/card-id-app/versions/a594b3458864dfa2/files"}
[debug] [2026-08-14T07:07:07.903Z] Checked if tokens are valid: true, expires at: 1786692774931
[debug] [2026-08-14T07:07:07.903Z] Checked if tokens are valid: true, expires at: 1786692774931
[debug] [2026-08-14T07:07:07.903Z] Checked if tokens are valid: true, expires at: 1786692774931
[debug] [2026-08-14T07:07:07.904Z] Checked if tokens are valid: true, expires at: 1786692774931
[debug] [2026-08-14T07:07:07.904Z] Checked if tokens are valid: true, expires at: 1786692774931
[debug] [2026-08-14T07:07:07.904Z] Checked if tokens are valid: true, expires at: 1786692774931
[debug] [2026-08-14T07:07:07.904Z] Checked if tokens are valid: true, expires at: 1786692774931
[debug] [2026-08-14T07:07:07.904Z] Checked if tokens are valid: true, expires at: 1786692774931
[debug] [2026-08-14T07:07:07.904Z] Checked if tokens are valid: true, expires at: 1786692774931
[debug] [2026-08-14T07:07:07.904Z] Checked if tokens are valid: true, expires at: 1786692774931
[debug] [2026-08-14T07:07:07.904Z] Checked if tokens are valid: true, expires at: 1786692774931
[debug] [2026-08-14T07:07:07.904Z] Checked if tokens are valid: true, expires at: 1786692774931
[debug] [2026-08-14T07:07:07.904Z] Checked if tokens are valid: true, expires at: 1786692774931
[debug] [2026-08-14T07:07:07.904Z] Checked if tokens are valid: true, expires at: 1786692774931
[debug] [2026-08-14T07:07:07.904Z] Checked if tokens are valid: true, expires at: 1786692774931
[debug] [2026-08-14T07:07:07.904Z] Checked if tokens are valid: true, expires at: 1786692774931
[debug] [2026-08-14T07:07:07.904Z] Checked if tokens are valid: true, expires at: 1786692774931
[debug] [2026-08-14T07:07:07.904Z] Checked if tokens are valid: true, expires at: 1786692774931
[debug] [2026-08-14T07:07:07.904Z] >>> [apiv2][query] POST https://upload-firebasehosting.googleapis.com/upload/sites/card-id-app/versions/a594b3458864dfa2/files/1270f363d708c8c42d9501dbe154fa154aea2d1700006b6c264ec72eeed8c1d7 [none]
[debug] [2026-08-14T07:07:07.904Z] >>> [apiv2][body] POST https://upload-firebasehosting.googleapis.com/upload/sites/card-id-app/versions/a594b3458864dfa2/files/1270f363d708c8c42d9501dbe154fa154aea2d1700006b6c264ec72eeed8c1d7 [stream]
[debug] [2026-08-14T07:07:07.905Z] >>> [apiv2][query] POST https://upload-firebasehosting.googleapis.com/upload/sites/card-id-app/versions/a594b3458864dfa2/files/547ec636f1c1b612d9296970f600e448d0c5813df9ec8c39eb68496359efa971 [none]
[debug] [2026-08-14T07:07:07.905Z] >>> [apiv2][body] POST https://upload-firebasehosting.googleapis.com/upload/sites/card-id-app/versions/a594b3458864dfa2/files/547ec636f1c1b612d9296970f600e448d0c5813df9ec8c39eb68496359efa971 [stream]
[debug] [2026-08-14T07:07:07.906Z] >>> [apiv2][query] POST https://upload-firebasehosting.googleapis.com/upload/sites/card-id-app/versions/a594b3458864dfa2/files/610222a3b12d367d7ecea9be81b8e9b36b71cc6870b643a2c4f24814e88f243c [none]
[debug] [2026-08-14T07:07:07.906Z] >>> [apiv2][body] POST https://upload-firebasehosting.googleapis.com/upload/sites/card-id-app/versions/a594b3458864dfa2/files/610222a3b12d367d7ecea9be81b8e9b36b71cc6870b643a2c4f24814e88f243c [stream]
[debug] [2026-08-14T07:07:07.906Z] >>> [apiv2][query] POST https://upload-firebasehosting.googleapis.com/upload/sites/card-id-app/versions/a594b3458864dfa2/files/5518c70b2bc6f47497b909cb585cf5c22ed5ece8afc67df14b4e777f78b5423d [none]
[debug] [2026-08-14T07:07:07.906Z] >>> [apiv2][body] POST https://upload-firebasehosting.googleapis.com/upload/sites/card-id-app/versions/a594b3458864dfa2/files/5518c70b2bc6f47497b909cb585cf5c22ed5ece8afc67df14b4e777f78b5423d [stream]
[debug] [2026-08-14T07:07:07.906Z] >>> [apiv2][query] POST https://upload-firebasehosting.googleapis.com/upload/sites/card-id-app/versions/a594b3458864dfa2/files/673994019e38d55c5236d27132044673302011d109b364e1113f2d6ed94d1395 [none]
[debug] [2026-08-14T07:07:07.906Z] >>> [apiv2][body] POST https://upload-firebasehosting.googleapis.com/upload/sites/card-id-app/versions/a594b3458864dfa2/files/673994019e38d55c5236d27132044673302011d109b364e1113f2d6ed94d1395 [stream]
[debug] [2026-08-14T07:07:07.906Z] >>> [apiv2][query] POST https://upload-firebasehosting.googleapis.com/upload/sites/card-id-app/versions/a594b3458864dfa2/files/9e131e3b3c9e30c6881ded75c20554a2bd0730f664c36b56d21cf9338c70a748 [none]
[debug] [2026-08-14T07:07:07.906Z] >>> [apiv2][body] POST https://upload-firebasehosting.googleapis.com/upload/sites/card-id-app/versions/a594b3458864dfa2/files/9e131e3b3c9e30c6881ded75c20554a2bd0730f664c36b56d21cf9338c70a748 [stream]
[debug] [2026-08-14T07:07:07.906Z] >>> [apiv2][query] POST https://upload-firebasehosting.googleapis.com/upload/sites/card-id-app/versions/a594b3458864dfa2/files/0f835dcbdd3147a3639f4206c000dc33b7e473acfb78a2535b370e691cef62fc [none]
[debug] [2026-08-14T07:07:07.906Z] >>> [apiv2][body] POST https://upload-firebasehosting.googleapis.com/upload/sites/card-id-app/versions/a594b3458864dfa2/files/0f835dcbdd3147a3639f4206c000dc33b7e473acfb78a2535b370e691cef62fc [stream]
[debug] [2026-08-14T07:07:07.906Z] >>> [apiv2][query] POST https://upload-firebasehosting.googleapis.com/upload/sites/card-id-app/versions/a594b3458864dfa2/files/5544531b8c8c499c3ea9ee5519b459e22f4fa9f1293a233c0dde9485b743bc10 [none]
[debug] [2026-08-14T07:07:07.906Z] >>> [apiv2][body] POST https://upload-firebasehosting.googleapis.com/upload/sites/card-id-app/versions/a594b3458864dfa2/files/5544531b8c8c499c3ea9ee5519b459e22f4fa9f1293a233c0dde9485b743bc10 [stream]
[debug] [2026-08-14T07:07:07.906Z] >>> [apiv2][query] POST https://upload-firebasehosting.googleapis.com/upload/sites/card-id-app/versions/a594b3458864dfa2/files/e04650cced894222f8cdafac20d73673364a7598c588853a72adab0eeff101fc [none]
[debug] [2026-08-14T07:07:07.906Z] >>> [apiv2][body] POST https://upload-firebasehosting.googleapis.com/upload/sites/card-id-app/versions/a594b3458864dfa2/files/e04650cced894222f8cdafac20d73673364a7598c588853a72adab0eeff101fc [stream]
[debug] [2026-08-14T07:07:07.909Z] [hosting][populate queue][FINAL] {"max":755,"min":755,"avg":755,"active":0,"complete":1,"success":1,"errored":0,"retried":0,"total":1,"elapsed":760}
[debug] [2026-08-14T07:07:07.909Z] [hosting] uploads queued: 9
[debug] [2026-08-14T07:07:08.799Z] <<< [apiv2][status] POST https://upload-firebasehosting.googleapis.com/upload/sites/card-id-app/versions/a594b3458864dfa2/files/673994019e38d55c5236d27132044673302011d109b364e1113f2d6ed94d1395 200
[debug] [2026-08-14T07:07:08.800Z] <<< [apiv2][body] POST https://upload-firebasehosting.googleapis.com/upload/sites/card-id-app/versions/a594b3458864dfa2/files/673994019e38d55c5236d27132044673302011d109b364e1113f2d6ed94d1395 [stream]
[debug] [2026-08-14T07:07:08.814Z] <<< [apiv2][status] POST https://upload-firebasehosting.googleapis.com/upload/sites/card-id-app/versions/a594b3458864dfa2/files/5518c70b2bc6f47497b909cb585cf5c22ed5ece8afc67df14b4e777f78b5423d 200
[debug] [2026-08-14T07:07:08.814Z] <<< [apiv2][body] POST https://upload-firebasehosting.googleapis.com/upload/sites/card-id-app/versions/a594b3458864dfa2/files/5518c70b2bc6f47497b909cb585cf5c22ed5ece8afc67df14b4e777f78b5423d [stream]
[debug] [2026-08-14T07:07:08.829Z] <<< [apiv2][status] POST https://upload-firebasehosting.googleapis.com/upload/sites/card-id-app/versions/a594b3458864dfa2/files/610222a3b12d367d7ecea9be81b8e9b36b71cc6870b643a2c4f24814e88f243c 200
[debug] [2026-08-14T07:07:08.829Z] <<< [apiv2][body] POST https://upload-firebasehosting.googleapis.com/upload/sites/card-id-app/versions/a594b3458864dfa2/files/610222a3b12d367d7ecea9be81b8e9b36b71cc6870b643a2c4f24814e88f243c [stream]
[debug] [2026-08-14T07:07:08.832Z] <<< [apiv2][status] POST https://upload-firebasehosting.googleapis.com/upload/sites/card-id-app/versions/a594b3458864dfa2/files/e04650cced894222f8cdafac20d73673364a7598c588853a72adab0eeff101fc 200
[debug] [2026-08-14T07:07:08.832Z] <<< [apiv2][body] POST https://upload-firebasehosting.googleapis.com/upload/sites/card-id-app/versions/a594b3458864dfa2/files/e04650cced894222f8cdafac20d73673364a7598c588853a72adab0eeff101fc [stream]
[debug] [2026-08-14T07:07:08.841Z] <<< [apiv2][status] POST https://upload-firebasehosting.googleapis.com/upload/sites/card-id-app/versions/a594b3458864dfa2/files/5544531b8c8c499c3ea9ee5519b459e22f4fa9f1293a233c0dde9485b743bc10 200
[debug] [2026-08-14T07:07:08.841Z] <<< [apiv2][body] POST https://upload-firebasehosting.googleapis.com/upload/sites/card-id-app/versions/a594b3458864dfa2/files/5544531b8c8c499c3ea9ee5519b459e22f4fa9f1293a233c0dde9485b743bc10 [stream]
[debug] [2026-08-14T07:07:08.843Z] <<< [apiv2][status] POST https://upload-firebasehosting.googleapis.com/upload/sites/card-id-app/versions/a594b3458864dfa2/files/0f835dcbdd3147a3639f4206c000dc33b7e473acfb78a2535b370e691cef62fc 200
[debug] [2026-08-14T07:07:08.843Z] <<< [apiv2][body] POST https://upload-firebasehosting.googleapis.com/upload/sites/card-id-app/versions/a594b3458864dfa2/files/0f835dcbdd3147a3639f4206c000dc33b7e473acfb78a2535b370e691cef62fc [stream]
[debug] [2026-08-14T07:07:08.845Z] <<< [apiv2][status] POST https://upload-firebasehosting.googleapis.com/upload/sites/card-id-app/versions/a594b3458864dfa2/files/9e131e3b3c9e30c6881ded75c20554a2bd0730f664c36b56d21cf9338c70a748 200
[debug] [2026-08-14T07:07:08.845Z] <<< [apiv2][body] POST https://upload-firebasehosting.googleapis.com/upload/sites/card-id-app/versions/a594b3458864dfa2/files/9e131e3b3c9e30c6881ded75c20554a2bd0730f664c36b56d21cf9338c70a748 [stream]
[debug] [2026-08-14T07:07:08.899Z] <<< [apiv2][status] POST https://upload-firebasehosting.googleapis.com/upload/sites/card-id-app/versions/a594b3458864dfa2/files/547ec636f1c1b612d9296970f600e448d0c5813df9ec8c39eb68496359efa971 200
[debug] [2026-08-14T07:07:08.899Z] <<< [apiv2][body] POST https://upload-firebasehosting.googleapis.com/upload/sites/card-id-app/versions/a594b3458864dfa2/files/547ec636f1c1b612d9296970f600e448d0c5813df9ec8c39eb68496359efa971 [stream]
[debug] [2026-08-14T07:07:08.971Z] <<< [apiv2][status] POST https://upload-firebasehosting.googleapis.com/upload/sites/card-id-app/versions/a594b3458864dfa2/files/1270f363d708c8c42d9501dbe154fa154aea2d1700006b6c264ec72eeed8c1d7 200
[debug] [2026-08-14T07:07:08.971Z] <<< [apiv2][body] POST https://upload-firebasehosting.googleapis.com/upload/sites/card-id-app/versions/a594b3458864dfa2/files/1270f363d708c8c42d9501dbe154fa154aea2d1700006b6c264ec72eeed8c1d7 [stream]
[debug] [2026-08-14T07:07:08.972Z] [hosting][upload queue][FINAL] {"max":1068,"min":896,"avg":948.8888888888889,"active":0,"complete":9,"success":9,"errored":0,"retried":0,"total":9,"elapsed":1069}
[info] i  hosting: upload complete 
[info] ✔  hosting[card-id-app]: file upload complete 
[debug] [2026-08-14T07:07:08.972Z] [hosting] deploy completed after 1875ms
[info] i  functions: updating Node.js 20 (2nd Gen) function identifyCard(us-central1)... 
[debug] [2026-08-14T07:07:08.976Z] Checked if tokens are valid: true, expires at: 1786692774931
[debug] [2026-08-14T07:07:08.976Z] Checked if tokens are valid: true, expires at: 1786692774931
[debug] [2026-08-14T07:07:08.977Z] >>> [apiv2][query] PATCH https://cloudfunctions.googleapis.com/v2/projects/card-id-app/locations/us-central1/functions/identifyCard updateMask=name%2CbuildConfig.runtime%2CbuildConfig.entryPoint%2CbuildConfig.source.storageSource.bucket%2CbuildConfig.source.storageSource.object%2CbuildConfig.environmentVariables%2CbuildConfig.sourceToken%2CserviceConfig.environmentVariables%2CserviceConfig.ingressSettings%2CserviceConfig.timeoutSeconds%2CserviceConfig.serviceAccountEmail%2CserviceConfig.availableMemory%2CserviceConfig.minInstanceCount%2CserviceConfig.maxInstanceCount%2CserviceConfig.maxInstanceRequestConcurrency%2CserviceConfig.availableCpu%2CserviceConfig.vpcConnector%2CserviceConfig.vpcConnectorEgressSettings%2CserviceConfig.directVpcNetworkInterface%2CserviceConfig.directVpcEgress%2Clabels
[debug] [2026-08-14T07:07:08.977Z] >>> [apiv2][body] PATCH https://cloudfunctions.googleapis.com/v2/projects/card-id-app/locations/us-central1/functions/identifyCard {"name":"projects/card-id-app/locations/us-central1/functions/identifyCard","buildConfig":{"runtime":"nodejs20","entryPoint":"identifyCard","source":{"storageSource":{"bucket":"gcf-v2-uploads-327141290136.us-central1.cloudfunctions.appspot.com","object":"4127b16c-c64d-4bd4-958e-ee0f267760f9.zip"}},"environmentVariables":{"GOOGLE_NODE_RUN_SCRIPTS":""}},"serviceConfig":{"environmentVariables":{"FIREBASE_CONFIG":"{\"projectId\":\"card-id-app\",\"storageBucket\":\"card-id-app.firebasestorage.app\"}","GCLOUD_PROJECT":"card-id-app","EVENTARC_CLOUD_EVENT_SOURCE":"projects/card-id-app/locations/us-central1/services/identifyCard","FUNCTION_REGION":"us-central1","FUNCTION_TARGET":"identifyCard","LOG_EXECUTION_ID":"true"},"ingressSettings":null,"timeoutSeconds":60,"serviceAccountEmail":null,"availableMemory":"256Mi","minInstanceCount":null,"maxInstanceCount":10,"maxInstanceRequestConcurrency":80,"availableCpu":"1","vpcConnector":null,"vpcConnectorEgressSettings":null,"directVpcNetworkInterface":null,"directVpcEgress":null},"labels":{"deployment-tool":"cli-firebase","deployment-callable":"true","firebase-functions-hash":"3e20327472c51e0646816f27393a0efb67bcb7b2"}}
[debug] [2026-08-14T07:07:10.192Z] <<< [apiv2][status] PATCH https://cloudfunctions.googleapis.com/v2/projects/card-id-app/locations/us-central1/functions/identifyCard 200
[debug] [2026-08-14T07:07:10.192Z] <<< [apiv2][body] PATCH https://cloudfunctions.googleapis.com/v2/projects/card-id-app/locations/us-central1/functions/identifyCard {"name":"projects/card-id-app/locations/us-central1/operations/operation-1786691229357-658fc780c9473-fe6427c9-ac54cd38","metadata":{"@type":"type.googleapis.com/google.cloud.functions.v2.OperationMetadata","createTime":"2026-08-14T07:07:10.277325213Z","target":"projects/card-id-app/locations/us-central1/functions/identifyCard","verb":"update","cancelRequested":false,"apiVersion":"v2"},"done":false}
[debug] [2026-08-14T07:07:10.193Z] Checked if tokens are valid: true, expires at: 1786692774931
[debug] [2026-08-14T07:07:10.193Z] Checked if tokens are valid: true, expires at: 1786692774931
[debug] [2026-08-14T07:07:10.193Z] >>> [apiv2][query] GET https://cloudfunctions.googleapis.com/v2/projects/card-id-app/locations/us-central1/operations/operation-1786691229357-658fc780c9473-fe6427c9-ac54cd38 [none]
[debug] [2026-08-14T07:07:10.342Z] <<< [apiv2][status] GET https://cloudfunctions.googleapis.com/v2/projects/card-id-app/locations/us-central1/operations/operation-1786691229357-658fc780c9473-fe6427c9-ac54cd38 200
[debug] [2026-08-14T07:07:10.342Z] <<< [apiv2][body] GET https://cloudfunctions.googleapis.com/v2/projects/card-id-app/locations/us-central1/operations/operation-1786691229357-658fc780c9473-fe6427c9-ac54cd38 {"name":"projects/card-id-app/locations/us-central1/operations/operation-1786691229357-658fc780c9473-fe6427c9-ac54cd38","metadata":{"@type":"type.googleapis.com/google.cloud.functions.v2.OperationMetadata","createTime":"2026-08-14T07:07:10.277325213Z","target":"projects/card-id-app/locations/us-central1/functions/identifyCard","verb":"update","cancelRequested":false,"apiVersion":"v2"},"done":false}
[debug] [2026-08-14T07:07:10.842Z] [update-default-us-central1-identifyCard] Retrying task index 0
[debug] [2026-08-14T07:07:10.842Z] Checked if tokens are valid: true, expires at: 1786692774931
[debug] [2026-08-14T07:07:10.842Z] Checked if tokens are valid: true, expires at: 1786692774931
[debug] [2026-08-14T07:07:10.842Z] >>> [apiv2][query] GET https://cloudfunctions.googleapis.com/v2/projects/card-id-app/locations/us-central1/operations/operation-1786691229357-658fc780c9473-fe6427c9-ac54cd38 [none]
[debug] [2026-08-14T07:07:11.161Z] <<< [apiv2][status] GET https://cloudfunctions.googleapis.com/v2/projects/card-id-app/locations/us-central1/operations/operation-1786691229357-658fc780c9473-fe6427c9-ac54cd38 200
[debug] [2026-08-14T07:07:11.161Z] <<< [apiv2][body] GET https://cloudfunctions.googleapis.com/v2/projects/card-id-app/locations/us-central1/operations/operation-1786691229357-658fc780c9473-fe6427c9-ac54cd38 {"name":"projects/card-id-app/locations/us-central1/operations/operation-1786691229357-658fc780c9473-fe6427c9-ac54cd38","metadata":{"@type":"type.googleapis.com/google.cloud.functions.v2.OperationMetadata","createTime":"2026-08-14T07:07:10.277325213Z","target":"projects/card-id-app/locations/us-central1/functions/identifyCard","verb":"update","cancelRequested":false,"apiVersion":"v2","requestResource":{"@type":"type.googleapis.com/google.cloud.functions.v2.Function","name":"projects/card-id-app/locations/us-central1/functions/identifyCard","buildConfig":{"runtime":"nodejs20","entryPoint":"identifyCard","source":{"storageSource":{"bucket":"gcf-v2-sources-327141290136-us-central1","object":"identifyCard/function-source.zip","generation":"1786691230225839"}},"environmentVariables":{"GOOGLE_NODE_RUN_SCRIPTS":""},"dockerRepository":"projects/card-id-app/locations/us-central1/repositories/gcf-artifacts","sourceProvenance":{"resolvedStorageSource":{"bucket":"gcf-v2-sources-327141290136-us-central1","object":"identifyCard/function-source.zip","generation":"1786689802132593"}},"dockerRegistry":"ARTIFACT_REGISTRY","serviceAccount":"projects/card-id-app/serviceAccounts/327141290136-compute@developer.gserviceaccount.com","automaticUpdatePolicy":{}},"serviceConfig":{"service":"projects/card-id-app/locations/us-central1/services/identifycard","timeoutSeconds":60,"environmentVariables":{"FIREBASE_CONFIG":"{\"projectId\":\"card-id-app\",\"storageBucket\":\"card-id-app.firebasestorage.app\"}","GCLOUD_PROJECT":"card-id-app","EVENTARC_CLOUD_EVENT_SOURCE":"projects/card-id-app/locations/us-central1/services/identifyCard","FUNCTION_REGION":"us-central1","FUNCTION_TARGET":"identifyCard","LOG_EXECUTION_ID":"true"},"maxInstanceCount":10,"ingressSettings":"ALLOW_ALL","uri":"https://identifycard-7mkzgq7nvq-uc.a.run.app","serviceAccountEmail":"327141290136-compute@developer.gserviceaccount.com","availableMemory":"256Mi","allTrafficOnLatestRevision":true,"revision":"identifycard-00002-jun","maxInstanceRequestConcurrency":80,"availableCpu":"1"},"state":"ACTIVE","labels":{"deployment-tool":"cli-firebase","deployment-callable":"true","firebase-functions-hash":"3e20327472c51e0646816f27393a0efb67bcb7b2"},"environment":"GEN_2","url":"https://us-central1-card-id-app.cloudfunctions.net/identifyCard","satisfiesPzi":true},"stages":[{"name":"BUILD","message":"Creating build","state":"IN_PROGRESS","resource":"projects/327141290136/locations/us-central1/builds/bf1e1449-09c1-47f5-a81d-d7e4661779f6","resourceUri":"https://console.cloud.google.com/cloud-build/builds;region=us-central1/bf1e1449-09c1-47f5-a81d-d7e4661779f6?project=327141290136"},{"name":"SERVICE","state":"NOT_STARTED"}],"operationType":"UPDATE_FUNCTION","buildName":"projects/327141290136/locations/us-central1/builds/bf1e1449-09c1-47f5-a81d-d7e4661779f6"},"done":false}
[debug] [2026-08-14T07:07:12.163Z] [update-default-us-central1-identifyCard] Retrying task index 0
[debug] [2026-08-14T07:07:12.163Z] Checked if tokens are valid: true, expires at: 1786692774931
[debug] [2026-08-14T07:07:12.163Z] Checked if tokens are valid: true, expires at: 1786692774931
[debug] [2026-08-14T07:07:12.163Z] >>> [apiv2][query] GET https://cloudfunctions.googleapis.com/v2/projects/card-id-app/locations/us-central1/operations/operation-1786691229357-658fc780c9473-fe6427c9-ac54cd38 [none]
[debug] [2026-08-14T07:07:12.444Z] <<< [apiv2][status] GET https://cloudfunctions.googleapis.com/v2/projects/card-id-app/locations/us-central1/operations/operation-1786691229357-658fc780c9473-fe6427c9-ac54cd38 200
[debug] [2026-08-14T07:07:12.445Z] <<< [apiv2][body] GET https://cloudfunctions.googleapis.com/v2/projects/card-id-app/locations/us-central1/operations/operation-1786691229357-658fc780c9473-fe6427c9-ac54cd38 {"name":"projects/card-id-app/locations/us-central1/operations/operation-1786691229357-658fc780c9473-fe6427c9-ac54cd38","metadata":{"@type":"type.googleapis.com/google.cloud.functions.v2.OperationMetadata","createTime":"2026-08-14T07:07:10.277325213Z","target":"projects/card-id-app/locations/us-central1/functions/identifyCard","verb":"update","cancelRequested":false,"apiVersion":"v2","requestResource":{"@type":"type.googleapis.com/google.cloud.functions.v2.Function","name":"projects/card-id-app/locations/us-central1/functions/identifyCard","buildConfig":{"runtime":"nodejs20","entryPoint":"identifyCard","source":{"storageSource":{"bucket":"gcf-v2-sources-327141290136-us-central1","object":"identifyCard/function-source.zip","generation":"1786691230225839"}},"environmentVariables":{"GOOGLE_NODE_RUN_SCRIPTS":""},"dockerRepository":"projects/card-id-app/locations/us-central1/repositories/gcf-artifacts","sourceProvenance":{"resolvedStorageSource":{"bucket":"gcf-v2-sources-327141290136-us-central1","object":"identifyCard/function-source.zip","generation":"1786689802132593"}},"dockerRegistry":"ARTIFACT_REGISTRY","serviceAccount":"projects/card-id-app/serviceAccounts/327141290136-compute@developer.gserviceaccount.com","automaticUpdatePolicy":{}},"serviceConfig":{"service":"projects/card-id-app/locations/us-central1/services/identifycard","timeoutSeconds":60,"environmentVariables":{"FIREBASE_CONFIG":"{\"projectId\":\"card-id-app\",\"storageBucket\":\"card-id-app.firebasestorage.app\"}","GCLOUD_PROJECT":"card-id-app","EVENTARC_CLOUD_EVENT_SOURCE":"projects/card-id-app/locations/us-central1/services/identifyCard","FUNCTION_REGION":"us-central1","FUNCTION_TARGET":"identifyCard","LOG_EXECUTION_ID":"true"},"maxInstanceCount":10,"ingressSettings":"ALLOW_ALL","uri":"https://identifycard-7mkzgq7nvq-uc.a.run.app","serviceAccountEmail":"327141290136-compute@developer.gserviceaccount.com","availableMemory":"256Mi","allTrafficOnLatestRevision":true,"revision":"identifycard-00002-jun","maxInstanceRequestConcurrency":80,"availableCpu":"1"},"state":"ACTIVE","labels":{"deployment-tool":"cli-firebase","deployment-callable":"true","firebase-functions-hash":"3e20327472c51e0646816f27393a0efb67bcb7b2"},"environment":"GEN_2","url":"https://us-central1-card-id-app.cloudfunctions.net/identifyCard","satisfiesPzi":true},"stages":[{"name":"BUILD","message":"Build in progress","state":"IN_PROGRESS","resource":"projects/327141290136/locations/us-central1/builds/bf1e1449-09c1-47f5-a81d-d7e4661779f6","resourceUri":"https://console.cloud.google.com/cloud-build/builds;region=us-central1/bf1e1449-09c1-47f5-a81d-d7e4661779f6?project=327141290136"},{"name":"SERVICE","state":"NOT_STARTED"}],"operationType":"UPDATE_FUNCTION","buildName":"projects/327141290136/locations/us-central1/builds/bf1e1449-09c1-47f5-a81d-d7e4661779f6"},"done":false}
[debug] [2026-08-14T07:07:14.446Z] [update-default-us-central1-identifyCard] Retrying task index 0
[debug] [2026-08-14T07:07:14.446Z] Checked if tokens are valid: true, expires at: 1786692774931
[debug] [2026-08-14T07:07:14.446Z] Checked if tokens are valid: true, expires at: 1786692774931
[debug] [2026-08-14T07:07:14.446Z] >>> [apiv2][query] GET https://cloudfunctions.googleapis.com/v2/projects/card-id-app/locations/us-central1/operations/operation-1786691229357-658fc780c9473-fe6427c9-ac54cd38 [none]
[debug] [2026-08-14T07:07:14.566Z] <<< [apiv2][status] GET https://cloudfunctions.googleapis.com/v2/projects/card-id-app/locations/us-central1/operations/operation-1786691229357-658fc780c9473-fe6427c9-ac54cd38 200
[debug] [2026-08-14T07:07:14.566Z] <<< [apiv2][body] GET https://cloudfunctions.googleapis.com/v2/projects/card-id-app/locations/us-central1/operations/operation-1786691229357-658fc780c9473-fe6427c9-ac54cd38 {"name":"projects/card-id-app/locations/us-central1/operations/operation-1786691229357-658fc780c9473-fe6427c9-ac54cd38","metadata":{"@type":"type.googleapis.com/google.cloud.functions.v2.OperationMetadata","createTime":"2026-08-14T07:07:10.277325213Z","target":"projects/card-id-app/locations/us-central1/functions/identifyCard","verb":"update","cancelRequested":false,"apiVersion":"v2","requestResource":{"@type":"type.googleapis.com/google.cloud.functions.v2.Function","name":"projects/card-id-app/locations/us-central1/functions/identifyCard","buildConfig":{"runtime":"nodejs20","entryPoint":"identifyCard","source":{"storageSource":{"bucket":"gcf-v2-sources-327141290136-us-central1","object":"identifyCard/function-source.zip","generation":"1786691230225839"}},"environmentVariables":{"GOOGLE_NODE_RUN_SCRIPTS":""},"dockerRepository":"projects/card-id-app/locations/us-central1/repositories/gcf-artifacts","sourceProvenance":{"resolvedStorageSource":{"bucket":"gcf-v2-sources-327141290136-us-central1","object":"identifyCard/function-source.zip","generation":"1786689802132593"}},"dockerRegistry":"ARTIFACT_REGISTRY","serviceAccount":"projects/card-id-app/serviceAccounts/327141290136-compute@developer.gserviceaccount.com","automaticUpdatePolicy":{}},"serviceConfig":{"service":"projects/card-id-app/locations/us-central1/services/identifycard","timeoutSeconds":60,"environmentVariables":{"FIREBASE_CONFIG":"{\"projectId\":\"card-id-app\",\"storageBucket\":\"card-id-app.firebasestorage.app\"}","GCLOUD_PROJECT":"card-id-app","EVENTARC_CLOUD_EVENT_SOURCE":"projects/card-id-app/locations/us-central1/services/identifyCard","FUNCTION_REGION":"us-central1","FUNCTION_TARGET":"identifyCard","LOG_EXECUTION_ID":"true"},"maxInstanceCount":10,"ingressSettings":"ALLOW_ALL","uri":"https://identifycard-7mkzgq7nvq-uc.a.run.app","serviceAccountEmail":"327141290136-compute@developer.gserviceaccount.com","availableMemory":"256Mi","allTrafficOnLatestRevision":true,"revision":"identifycard-00002-jun","maxInstanceRequestConcurrency":80,"availableCpu":"1"},"state":"ACTIVE","labels":{"deployment-tool":"cli-firebase","deployment-callable":"true","firebase-functions-hash":"3e20327472c51e0646816f27393a0efb67bcb7b2"},"environment":"GEN_2","url":"https://us-central1-card-id-app.cloudfunctions.net/identifyCard","satisfiesPzi":true},"stages":[{"name":"BUILD","message":"Build in progress","state":"IN_PROGRESS","resource":"projects/327141290136/locations/us-central1/builds/bf1e1449-09c1-47f5-a81d-d7e4661779f6","resourceUri":"https://console.cloud.google.com/cloud-build/builds;region=us-central1/bf1e1449-09c1-47f5-a81d-d7e4661779f6?project=327141290136"},{"name":"SERVICE","state":"NOT_STARTED"}],"operationType":"UPDATE_FUNCTION","buildName":"projects/327141290136/locations/us-central1/builds/bf1e1449-09c1-47f5-a81d-d7e4661779f6"},"done":false}
[debug] [2026-08-14T07:07:18.566Z] [update-default-us-central1-identifyCard] Retrying task index 0
[debug] [2026-08-14T07:07:18.567Z] Checked if tokens are valid: true, expires at: 1786692774931
[debug] [2026-08-14T07:07:18.567Z] Checked if tokens are valid: true, expires at: 1786692774931
[debug] [2026-08-14T07:07:18.567Z] >>> [apiv2][query] GET https://cloudfunctions.googleapis.com/v2/projects/card-id-app/locations/us-central1/operations/operation-1786691229357-658fc780c9473-fe6427c9-ac54cd38 [none]
[debug] [2026-08-14T07:07:18.750Z] <<< [apiv2][status] GET https://cloudfunctions.googleapis.com/v2/projects/card-id-app/locations/us-central1/operations/operation-1786691229357-658fc780c9473-fe6427c9-ac54cd38 200
[debug] [2026-08-14T07:07:18.750Z] <<< [apiv2][body] GET https://cloudfunctions.googleapis.com/v2/projects/card-id-app/locations/us-central1/operations/operation-1786691229357-658fc780c9473-fe6427c9-ac54cd38 {"name":"projects/card-id-app/locations/us-central1/operations/operation-1786691229357-658fc780c9473-fe6427c9-ac54cd38","metadata":{"@type":"type.googleapis.com/google.cloud.functions.v2.OperationMetadata","createTime":"2026-08-14T07:07:10.277325213Z","target":"projects/card-id-app/locations/us-central1/functions/identifyCard","verb":"update","cancelRequested":false,"apiVersion":"v2","requestResource":{"@type":"type.googleapis.com/google.cloud.functions.v2.Function","name":"projects/card-id-app/locations/us-central1/functions/identifyCard","buildConfig":{"runtime":"nodejs20","entryPoint":"identifyCard","source":{"storageSource":{"bucket":"gcf-v2-sources-327141290136-us-central1","object":"identifyCard/function-source.zip","generation":"1786691230225839"}},"environmentVariables":{"GOOGLE_NODE_RUN_SCRIPTS":""},"dockerRepository":"projects/card-id-app/locations/us-central1/repositories/gcf-artifacts","sourceProvenance":{"resolvedStorageSource":{"bucket":"gcf-v2-sources-327141290136-us-central1","object":"identifyCard/function-source.zip","generation":"1786689802132593"}},"dockerRegistry":"ARTIFACT_REGISTRY","serviceAccount":"projects/card-id-app/serviceAccounts/327141290136-compute@developer.gserviceaccount.com","automaticUpdatePolicy":{}},"serviceConfig":{"service":"projects/card-id-app/locations/us-central1/services/identifycard","timeoutSeconds":60,"environmentVariables":{"FIREBASE_CONFIG":"{\"projectId\":\"card-id-app\",\"storageBucket\":\"card-id-app.firebasestorage.app\"}","GCLOUD_PROJECT":"card-id-app","EVENTARC_CLOUD_EVENT_SOURCE":"projects/card-id-app/locations/us-central1/services/identifyCard","FUNCTION_REGION":"us-central1","FUNCTION_TARGET":"identifyCard","LOG_EXECUTION_ID":"true"},"maxInstanceCount":10,"ingressSettings":"ALLOW_ALL","uri":"https://identifycard-7mkzgq7nvq-uc.a.run.app","serviceAccountEmail":"327141290136-compute@developer.gserviceaccount.com","availableMemory":"256Mi","allTrafficOnLatestRevision":true,"revision":"identifycard-00002-jun","maxInstanceRequestConcurrency":80,"availableCpu":"1"},"state":"ACTIVE","labels":{"deployment-tool":"cli-firebase","deployment-callable":"true","firebase-functions-hash":"3e20327472c51e0646816f27393a0efb67bcb7b2"},"environment":"GEN_2","url":"https://us-central1-card-id-app.cloudfunctions.net/identifyCard","satisfiesPzi":true},"stages":[{"name":"BUILD","message":"Build in progress","state":"IN_PROGRESS","resource":"projects/327141290136/locations/us-central1/builds/bf1e1449-09c1-47f5-a81d-d7e4661779f6","resourceUri":"https://console.cloud.google.com/cloud-build/builds;region=us-central1/bf1e1449-09c1-47f5-a81d-d7e4661779f6?project=327141290136"},{"name":"SERVICE","state":"NOT_STARTED"}],"operationType":"UPDATE_FUNCTION","buildName":"projects/327141290136/locations/us-central1/builds/bf1e1449-09c1-47f5-a81d-d7e4661779f6"},"done":false}
[debug] [2026-08-14T07:07:26.751Z] [update-default-us-central1-identifyCard] Retrying task index 0
[debug] [2026-08-14T07:07:26.751Z] Checked if tokens are valid: true, expires at: 1786692774931
[debug] [2026-08-14T07:07:26.751Z] Checked if tokens are valid: true, expires at: 1786692774931
[debug] [2026-08-14T07:07:26.751Z] >>> [apiv2][query] GET https://cloudfunctions.googleapis.com/v2/projects/card-id-app/locations/us-central1/operations/operation-1786691229357-658fc780c9473-fe6427c9-ac54cd38 [none]
[debug] [2026-08-14T07:07:26.931Z] <<< [apiv2][status] GET https://cloudfunctions.googleapis.com/v2/projects/card-id-app/locations/us-central1/operations/operation-1786691229357-658fc780c9473-fe6427c9-ac54cd38 200
[debug] [2026-08-14T07:07:26.932Z] <<< [apiv2][body] GET https://cloudfunctions.googleapis.com/v2/projects/card-id-app/locations/us-central1/operations/operation-1786691229357-658fc780c9473-fe6427c9-ac54cd38 {"name":"projects/card-id-app/locations/us-central1/operations/operation-1786691229357-658fc780c9473-fe6427c9-ac54cd38","metadata":{"@type":"type.googleapis.com/google.cloud.functions.v2.OperationMetadata","createTime":"2026-08-14T07:07:10.277325213Z","target":"projects/card-id-app/locations/us-central1/functions/identifyCard","verb":"update","cancelRequested":false,"apiVersion":"v2","requestResource":{"@type":"type.googleapis.com/google.cloud.functions.v2.Function","name":"projects/card-id-app/locations/us-central1/functions/identifyCard","buildConfig":{"runtime":"nodejs20","entryPoint":"identifyCard","source":{"storageSource":{"bucket":"gcf-v2-sources-327141290136-us-central1","object":"identifyCard/function-source.zip","generation":"1786691230225839"}},"environmentVariables":{"GOOGLE_NODE_RUN_SCRIPTS":""},"dockerRepository":"projects/card-id-app/locations/us-central1/repositories/gcf-artifacts","sourceProvenance":{"resolvedStorageSource":{"bucket":"gcf-v2-sources-327141290136-us-central1","object":"identifyCard/function-source.zip","generation":"1786689802132593"}},"dockerRegistry":"ARTIFACT_REGISTRY","serviceAccount":"projects/card-id-app/serviceAccounts/327141290136-compute@developer.gserviceaccount.com","automaticUpdatePolicy":{}},"serviceConfig":{"service":"projects/card-id-app/locations/us-central1/services/identifycard","timeoutSeconds":60,"environmentVariables":{"FIREBASE_CONFIG":"{\"projectId\":\"card-id-app\",\"storageBucket\":\"card-id-app.firebasestorage.app\"}","GCLOUD_PROJECT":"card-id-app","EVENTARC_CLOUD_EVENT_SOURCE":"projects/card-id-app/locations/us-central1/services/identifyCard","FUNCTION_REGION":"us-central1","FUNCTION_TARGET":"identifyCard","LOG_EXECUTION_ID":"true"},"maxInstanceCount":10,"ingressSettings":"ALLOW_ALL","uri":"https://identifycard-7mkzgq7nvq-uc.a.run.app","serviceAccountEmail":"327141290136-compute@developer.gserviceaccount.com","availableMemory":"256Mi","allTrafficOnLatestRevision":true,"revision":"identifycard-00002-jun","maxInstanceRequestConcurrency":80,"availableCpu":"1"},"state":"ACTIVE","labels":{"deployment-tool":"cli-firebase","deployment-callable":"true","firebase-functions-hash":"3e20327472c51e0646816f27393a0efb67bcb7b2"},"environment":"GEN_2","url":"https://us-central1-card-id-app.cloudfunctions.net/identifyCard","satisfiesPzi":true},"stages":[{"name":"BUILD","message":"Build in progress","state":"IN_PROGRESS","resource":"projects/327141290136/locations/us-central1/builds/bf1e1449-09c1-47f5-a81d-d7e4661779f6","resourceUri":"https://console.cloud.google.com/cloud-build/builds;region=us-central1/bf1e1449-09c1-47f5-a81d-d7e4661779f6?project=327141290136"},{"name":"SERVICE","state":"NOT_STARTED"}],"operationType":"UPDATE_FUNCTION","buildName":"projects/327141290136/locations/us-central1/builds/bf1e1449-09c1-47f5-a81d-d7e4661779f6"},"done":false}
[debug] [2026-08-14T07:07:36.932Z] [update-default-us-central1-identifyCard] Retrying task index 0
[debug] [2026-08-14T07:07:36.933Z] Checked if tokens are valid: true, expires at: 1786692774931
[debug] [2026-08-14T07:07:36.933Z] Checked if tokens are valid: true, expires at: 1786692774931
[debug] [2026-08-14T07:07:36.933Z] >>> [apiv2][query] GET https://cloudfunctions.googleapis.com/v2/projects/card-id-app/locations/us-central1/operations/operation-1786691229357-658fc780c9473-fe6427c9-ac54cd38 [none]
[debug] [2026-08-14T07:07:37.302Z] <<< [apiv2][status] GET https://cloudfunctions.googleapis.com/v2/projects/card-id-app/locations/us-central1/operations/operation-1786691229357-658fc780c9473-fe6427c9-ac54cd38 200
[debug] [2026-08-14T07:07:37.303Z] <<< [apiv2][body] GET https://cloudfunctions.googleapis.com/v2/projects/card-id-app/locations/us-central1/operations/operation-1786691229357-658fc780c9473-fe6427c9-ac54cd38 {"name":"projects/card-id-app/locations/us-central1/operations/operation-1786691229357-658fc780c9473-fe6427c9-ac54cd38","metadata":{"@type":"type.googleapis.com/google.cloud.functions.v2.OperationMetadata","createTime":"2026-08-14T07:07:10.277325213Z","target":"projects/card-id-app/locations/us-central1/functions/identifyCard","verb":"update","cancelRequested":false,"apiVersion":"v2","requestResource":{"@type":"type.googleapis.com/google.cloud.functions.v2.Function","name":"projects/card-id-app/locations/us-central1/functions/identifyCard","buildConfig":{"runtime":"nodejs20","entryPoint":"identifyCard","source":{"storageSource":{"bucket":"gcf-v2-sources-327141290136-us-central1","object":"identifyCard/function-source.zip","generation":"1786691230225839"}},"environmentVariables":{"GOOGLE_NODE_RUN_SCRIPTS":""},"dockerRepository":"projects/card-id-app/locations/us-central1/repositories/gcf-artifacts","sourceProvenance":{"resolvedStorageSource":{"bucket":"gcf-v2-sources-327141290136-us-central1","object":"identifyCard/function-source.zip","generation":"1786689802132593"}},"dockerRegistry":"ARTIFACT_REGISTRY","serviceAccount":"projects/card-id-app/serviceAccounts/327141290136-compute@developer.gserviceaccount.com","automaticUpdatePolicy":{}},"serviceConfig":{"service":"projects/card-id-app/locations/us-central1/services/identifycard","timeoutSeconds":60,"environmentVariables":{"FIREBASE_CONFIG":"{\"projectId\":\"card-id-app\",\"storageBucket\":\"card-id-app.firebasestorage.app\"}","GCLOUD_PROJECT":"card-id-app","EVENTARC_CLOUD_EVENT_SOURCE":"projects/card-id-app/locations/us-central1/services/identifyCard","FUNCTION_REGION":"us-central1","FUNCTION_TARGET":"identifyCard","LOG_EXECUTION_ID":"true"},"maxInstanceCount":10,"ingressSettings":"ALLOW_ALL","uri":"https://identifycard-7mkzgq7nvq-uc.a.run.app","serviceAccountEmail":"327141290136-compute@developer.gserviceaccount.com","availableMemory":"256Mi","allTrafficOnLatestRevision":true,"revision":"identifycard-00002-jun","maxInstanceRequestConcurrency":80,"availableCpu":"1"},"state":"ACTIVE","labels":{"deployment-tool":"cli-firebase","deployment-callable":"true","firebase-functions-hash":"3e20327472c51e0646816f27393a0efb67bcb7b2"},"environment":"GEN_2","url":"https://us-central1-card-id-app.cloudfunctions.net/identifyCard","satisfiesPzi":true},"stages":[{"name":"BUILD","message":"Build in progress","state":"IN_PROGRESS","resource":"projects/327141290136/locations/us-central1/builds/bf1e1449-09c1-47f5-a81d-d7e4661779f6","resourceUri":"https://console.cloud.google.com/cloud-build/builds;region=us-central1/bf1e1449-09c1-47f5-a81d-d7e4661779f6?project=327141290136"},{"name":"SERVICE","state":"NOT_STARTED"}],"operationType":"UPDATE_FUNCTION","buildName":"projects/327141290136/locations/us-central1/builds/bf1e1449-09c1-47f5-a81d-d7e4661779f6"},"done":false}
[debug] [2026-08-14T07:07:47.303Z] [update-default-us-central1-identifyCard] Retrying task index 0
[debug] [2026-08-14T07:07:47.304Z] Checked if tokens are valid: true, expires at: 1786692774931
[debug] [2026-08-14T07:07:47.304Z] Checked if tokens are valid: true, expires at: 1786692774931
[debug] [2026-08-14T07:07:47.304Z] >>> [apiv2][query] GET https://cloudfunctions.googleapis.com/v2/projects/card-id-app/locations/us-central1/operations/operation-1786691229357-658fc780c9473-fe6427c9-ac54cd38 [none]
[debug] [2026-08-14T07:07:47.702Z] <<< [apiv2][status] GET https://cloudfunctions.googleapis.com/v2/projects/card-id-app/locations/us-central1/operations/operation-1786691229357-658fc780c9473-fe6427c9-ac54cd38 200
[debug] [2026-08-14T07:07:47.702Z] <<< [apiv2][body] GET https://cloudfunctions.googleapis.com/v2/projects/card-id-app/locations/us-central1/operations/operation-1786691229357-658fc780c9473-fe6427c9-ac54cd38 {"name":"projects/card-id-app/locations/us-central1/operations/operation-1786691229357-658fc780c9473-fe6427c9-ac54cd38","metadata":{"@type":"type.googleapis.com/google.cloud.functions.v2.OperationMetadata","createTime":"2026-08-14T07:07:10.277325213Z","target":"projects/card-id-app/locations/us-central1/functions/identifyCard","verb":"update","cancelRequested":false,"apiVersion":"v2","requestResource":{"@type":"type.googleapis.com/google.cloud.functions.v2.Function","name":"projects/card-id-app/locations/us-central1/functions/identifyCard","buildConfig":{"runtime":"nodejs20","entryPoint":"identifyCard","source":{"storageSource":{"bucket":"gcf-v2-sources-327141290136-us-central1","object":"identifyCard/function-source.zip","generation":"1786691230225839"}},"environmentVariables":{"GOOGLE_NODE_RUN_SCRIPTS":""},"dockerRepository":"projects/card-id-app/locations/us-central1/repositories/gcf-artifacts","sourceProvenance":{"resolvedStorageSource":{"bucket":"gcf-v2-sources-327141290136-us-central1","object":"identifyCard/function-source.zip","generation":"1786689802132593"}},"dockerRegistry":"ARTIFACT_REGISTRY","serviceAccount":"projects/card-id-app/serviceAccounts/327141290136-compute@developer.gserviceaccount.com","automaticUpdatePolicy":{}},"serviceConfig":{"service":"projects/card-id-app/locations/us-central1/services/identifycard","timeoutSeconds":60,"environmentVariables":{"FIREBASE_CONFIG":"{\"projectId\":\"card-id-app\",\"storageBucket\":\"card-id-app.firebasestorage.app\"}","GCLOUD_PROJECT":"card-id-app","EVENTARC_CLOUD_EVENT_SOURCE":"projects/card-id-app/locations/us-central1/services/identifyCard","FUNCTION_REGION":"us-central1","FUNCTION_TARGET":"identifyCard","LOG_EXECUTION_ID":"true"},"maxInstanceCount":10,"ingressSettings":"ALLOW_ALL","uri":"https://identifycard-7mkzgq7nvq-uc.a.run.app","serviceAccountEmail":"327141290136-compute@developer.gserviceaccount.com","availableMemory":"256Mi","allTrafficOnLatestRevision":true,"revision":"identifycard-00002-jun","maxInstanceRequestConcurrency":80,"availableCpu":"1"},"state":"ACTIVE","labels":{"deployment-tool":"cli-firebase","deployment-callable":"true","firebase-functions-hash":"3e20327472c51e0646816f27393a0efb67bcb7b2"},"environment":"GEN_2","url":"https://us-central1-card-id-app.cloudfunctions.net/identifyCard","satisfiesPzi":true},"stages":[{"name":"BUILD","message":"Build in progress","state":"IN_PROGRESS","resource":"projects/327141290136/locations/us-central1/builds/bf1e1449-09c1-47f5-a81d-d7e4661779f6","resourceUri":"https://console.cloud.google.com/cloud-build/builds;region=us-central1/bf1e1449-09c1-47f5-a81d-d7e4661779f6?project=327141290136"},{"name":"SERVICE","state":"NOT_STARTED"}],"operationType":"UPDATE_FUNCTION","buildName":"projects/327141290136/locations/us-central1/builds/bf1e1449-09c1-47f5-a81d-d7e4661779f6"},"done":false}
[debug] [2026-08-14T07:07:57.703Z] [update-default-us-central1-identifyCard] Retrying task index 0
[debug] [2026-08-14T07:07:57.704Z] Checked if tokens are valid: true, expires at: 1786692774931
[debug] [2026-08-14T07:07:57.704Z] Checked if tokens are valid: true, expires at: 1786692774931
[debug] [2026-08-14T07:07:57.704Z] >>> [apiv2][query] GET https://cloudfunctions.googleapis.com/v2/projects/card-id-app/locations/us-central1/operations/operation-1786691229357-658fc780c9473-fe6427c9-ac54cd38 [none]
[debug] [2026-08-14T07:07:57.864Z] <<< [apiv2][status] GET https://cloudfunctions.googleapis.com/v2/projects/card-id-app/locations/us-central1/operations/operation-1786691229357-658fc780c9473-fe6427c9-ac54cd38 200
[debug] [2026-08-14T07:07:57.864Z] <<< [apiv2][body] GET https://cloudfunctions.googleapis.com/v2/projects/card-id-app/locations/us-central1/operations/operation-1786691229357-658fc780c9473-fe6427c9-ac54cd38 {"name":"projects/card-id-app/locations/us-central1/operations/operation-1786691229357-658fc780c9473-fe6427c9-ac54cd38","metadata":{"@type":"type.googleapis.com/google.cloud.functions.v2.OperationMetadata","createTime":"2026-08-14T07:07:10.277325213Z","target":"projects/card-id-app/locations/us-central1/functions/identifyCard","verb":"update","cancelRequested":false,"apiVersion":"v2","requestResource":{"@type":"type.googleapis.com/google.cloud.functions.v2.Function","name":"projects/card-id-app/locations/us-central1/functions/identifyCard","buildConfig":{"runtime":"nodejs20","entryPoint":"identifyCard","source":{"storageSource":{"bucket":"gcf-v2-sources-327141290136-us-central1","object":"identifyCard/function-source.zip","generation":"1786691230225839"}},"environmentVariables":{"GOOGLE_NODE_RUN_SCRIPTS":""},"dockerRepository":"projects/card-id-app/locations/us-central1/repositories/gcf-artifacts","sourceProvenance":{"resolvedStorageSource":{"bucket":"gcf-v2-sources-327141290136-us-central1","object":"identifyCard/function-source.zip","generation":"1786689802132593"}},"dockerRegistry":"ARTIFACT_REGISTRY","serviceAccount":"projects/card-id-app/serviceAccounts/327141290136-compute@developer.gserviceaccount.com","automaticUpdatePolicy":{}},"serviceConfig":{"service":"projects/card-id-app/locations/us-central1/services/identifycard","timeoutSeconds":60,"environmentVariables":{"FIREBASE_CONFIG":"{\"projectId\":\"card-id-app\",\"storageBucket\":\"card-id-app.firebasestorage.app\"}","GCLOUD_PROJECT":"card-id-app","EVENTARC_CLOUD_EVENT_SOURCE":"projects/card-id-app/locations/us-central1/services/identifyCard","FUNCTION_REGION":"us-central1","FUNCTION_TARGET":"identifyCard","LOG_EXECUTION_ID":"true"},"maxInstanceCount":10,"ingressSettings":"ALLOW_ALL","uri":"https://identifycard-7mkzgq7nvq-uc.a.run.app","serviceAccountEmail":"327141290136-compute@developer.gserviceaccount.com","availableMemory":"256Mi","allTrafficOnLatestRevision":true,"revision":"identifycard-00002-jun","maxInstanceRequestConcurrency":80,"availableCpu":"1"},"state":"ACTIVE","labels":{"deployment-tool":"cli-firebase","deployment-callable":"true","firebase-functions-hash":"3e20327472c51e0646816f27393a0efb67bcb7b2"},"environment":"GEN_2","url":"https://us-central1-card-id-app.cloudfunctions.net/identifyCard","satisfiesPzi":true},"stages":[{"name":"BUILD","message":"Build finished","state":"COMPLETE","resource":"projects/327141290136/locations/us-central1/builds/bf1e1449-09c1-47f5-a81d-d7e4661779f6","resourceUri":"https://console.cloud.google.com/cloud-build/builds;region=us-central1/bf1e1449-09c1-47f5-a81d-d7e4661779f6?project=327141290136"},{"name":"SERVICE","message":"Updating Cloud Run service","state":"IN_PROGRESS","resource":"projects/card-id-app/locations/us-central1/services/identifycard","resourceUri":"https://console.cloud.google.com/run/detail/us-central1/identifycard?project=card-id-app","stateMessages":[{"severity":"INFO","type":"CloudRunServiceNewRevisionTrafficInfo","message":"A new revision will be deployed serving with 100% traffic."}]}],"sourceToken":"Cldwcm9qZWN0cy8zMjcxNDEyOTAxMzYvbG9jYXRpb25zL3VzLWNlbnRyYWwxL2J1aWxkcy9iZjFlMTQ0OS0wOWMxLTQ3ZjUtYTgxZC1kN2U0NjYxNzc5ZjYSaXVzLWNlbnRyYWwxLWRvY2tlci5wa2cuZGV2L2NhcmQtaWQtYXBwL2djZi1hcnRpZmFjdHMvY2FyZC0taWQtLWFwcF9fdXMtLWNlbnRyYWwxX19pZGVudGlmeV9jYXJkOnZlcnNpb25fMRiY4Y/ZwgkiQXByb2plY3RzL2NhcmQtaWQtYXBwL2xvY2F0aW9ucy91cy1jZW50cmFsMS9mdW5jdGlvbnMvaWRlbnRpZnlDYXJkKgsIyP360wYQqLnebTIIbm9kZWpzMjA6dgojZ2NyLmlvL2dhZS1ydW50aW1lcy9ub2RlanMyMDpzdGFibGUST3VzLWNlbnRyYWwxLWRvY2tlci5wa2cuZGV2L3NlcnZlcmxlc3MtcnVudGltZXMvZ29vZ2xlLTIyLWZ1bGwvcnVudGltZXMvbm9kZWpzMjBAAQ==","operationType":"UPDATE_FUNCTION","buildName":"projects/327141290136/locations/us-central1/builds/bf1e1449-09c1-47f5-a81d-d7e4661779f6"},"done":false}
[debug] [2026-08-14T07:07:57.864Z] Got source token Cldwcm9qZWN0cy8zMjcxNDEyOTAxMzYvbG9jYXRpb25zL3VzLWNlbnRyYWwxL2J1aWxkcy9iZjFlMTQ0OS0wOWMxLTQ3ZjUtYTgxZC1kN2U0NjYxNzc5ZjYSaXVzLWNlbnRyYWwxLWRvY2tlci5wa2cuZGV2L2NhcmQtaWQtYXBwL2djZi1hcnRpZmFjdHMvY2FyZC0taWQtLWFwcF9fdXMtLWNlbnRyYWwxX19pZGVudGlmeV9jYXJkOnZlcnNpb25fMRiY4Y/ZwgkiQXByb2plY3RzL2NhcmQtaWQtYXBwL2xvY2F0aW9ucy91cy1jZW50cmFsMS9mdW5jdGlvbnMvaWRlbnRpZnlDYXJkKgsIyP360wYQqLnebTIIbm9kZWpzMjA6dgojZ2NyLmlvL2dhZS1ydW50aW1lcy9ub2RlanMyMDpzdGFibGUST3VzLWNlbnRyYWwxLWRvY2tlci5wa2cuZGV2L3NlcnZlcmxlc3MtcnVudGltZXMvZ29vZ2xlLTIyLWZ1bGwvcnVudGltZXMvbm9kZWpzMjBAAQ== for region us-central1
[debug] [2026-08-14T07:08:07.865Z] [update-default-us-central1-identifyCard] Retrying task index 0
[debug] [2026-08-14T07:08:07.866Z] Checked if tokens are valid: true, expires at: 1786692774931
[debug] [2026-08-14T07:08:07.866Z] Checked if tokens are valid: true, expires at: 1786692774931
[debug] [2026-08-14T07:08:07.866Z] >>> [apiv2][query] GET https://cloudfunctions.googleapis.com/v2/projects/card-id-app/locations/us-central1/operations/operation-1786691229357-658fc780c9473-fe6427c9-ac54cd38 [none]
[debug] [2026-08-14T07:08:08.064Z] <<< [apiv2][status] GET https://cloudfunctions.googleapis.com/v2/projects/card-id-app/locations/us-central1/operations/operation-1786691229357-658fc780c9473-fe6427c9-ac54cd38 200
[debug] [2026-08-14T07:08:08.064Z] <<< [apiv2][body] GET https://cloudfunctions.googleapis.com/v2/projects/card-id-app/locations/us-central1/operations/operation-1786691229357-658fc780c9473-fe6427c9-ac54cd38 {"name":"projects/card-id-app/locations/us-central1/operations/operation-1786691229357-658fc780c9473-fe6427c9-ac54cd38","metadata":{"@type":"type.googleapis.com/google.cloud.functions.v2.OperationMetadata","createTime":"2026-08-14T07:07:10.277325213Z","target":"projects/card-id-app/locations/us-central1/functions/identifyCard","verb":"update","cancelRequested":false,"apiVersion":"v2","requestResource":{"@type":"type.googleapis.com/google.cloud.functions.v2.Function","name":"projects/card-id-app/locations/us-central1/functions/identifyCard","buildConfig":{"runtime":"nodejs20","entryPoint":"identifyCard","source":{"storageSource":{"bucket":"gcf-v2-sources-327141290136-us-central1","object":"identifyCard/function-source.zip","generation":"1786691230225839"}},"environmentVariables":{"GOOGLE_NODE_RUN_SCRIPTS":""},"dockerRepository":"projects/card-id-app/locations/us-central1/repositories/gcf-artifacts","sourceProvenance":{"resolvedStorageSource":{"bucket":"gcf-v2-sources-327141290136-us-central1","object":"identifyCard/function-source.zip","generation":"1786689802132593"}},"dockerRegistry":"ARTIFACT_REGISTRY","serviceAccount":"projects/card-id-app/serviceAccounts/327141290136-compute@developer.gserviceaccount.com","automaticUpdatePolicy":{}},"serviceConfig":{"service":"projects/card-id-app/locations/us-central1/services/identifycard","timeoutSeconds":60,"environmentVariables":{"FIREBASE_CONFIG":"{\"projectId\":\"card-id-app\",\"storageBucket\":\"card-id-app.firebasestorage.app\"}","GCLOUD_PROJECT":"card-id-app","EVENTARC_CLOUD_EVENT_SOURCE":"projects/card-id-app/locations/us-central1/services/identifyCard","FUNCTION_REGION":"us-central1","FUNCTION_TARGET":"identifyCard","LOG_EXECUTION_ID":"true"},"maxInstanceCount":10,"ingressSettings":"ALLOW_ALL","uri":"https://identifycard-7mkzgq7nvq-uc.a.run.app","serviceAccountEmail":"327141290136-compute@developer.gserviceaccount.com","availableMemory":"256Mi","allTrafficOnLatestRevision":true,"revision":"identifycard-00002-jun","maxInstanceRequestConcurrency":80,"availableCpu":"1"},"state":"ACTIVE","labels":{"deployment-tool":"cli-firebase","deployment-callable":"true","firebase-functions-hash":"3e20327472c51e0646816f27393a0efb67bcb7b2"},"environment":"GEN_2","url":"https://us-central1-card-id-app.cloudfunctions.net/identifyCard","satisfiesPzi":true},"stages":[{"name":"BUILD","message":"Build finished","state":"COMPLETE","resource":"projects/327141290136/locations/us-central1/builds/bf1e1449-09c1-47f5-a81d-d7e4661779f6","resourceUri":"https://console.cloud.google.com/cloud-build/builds;region=us-central1/bf1e1449-09c1-47f5-a81d-d7e4661779f6?project=327141290136"},{"name":"SERVICE","message":"Updating Cloud Run service","state":"IN_PROGRESS","resource":"projects/card-id-app/locations/us-central1/services/identifycard","resourceUri":"https://console.cloud.google.com/run/detail/us-central1/identifycard?project=card-id-app","stateMessages":[{"severity":"INFO","type":"CloudRunServiceNewRevisionTrafficInfo","message":"A new revision will be deployed serving with 100% traffic."}]}],"sourceToken":"Cldwcm9qZWN0cy8zMjcxNDEyOTAxMzYvbG9jYXRpb25zL3VzLWNlbnRyYWwxL2J1aWxkcy9iZjFlMTQ0OS0wOWMxLTQ3ZjUtYTgxZC1kN2U0NjYxNzc5ZjYSaXVzLWNlbnRyYWwxLWRvY2tlci5wa2cuZGV2L2NhcmQtaWQtYXBwL2djZi1hcnRpZmFjdHMvY2FyZC0taWQtLWFwcF9fdXMtLWNlbnRyYWwxX19pZGVudGlmeV9jYXJkOnZlcnNpb25fMRiY4Y/ZwgkiQXByb2plY3RzL2NhcmQtaWQtYXBwL2xvY2F0aW9ucy91cy1jZW50cmFsMS9mdW5jdGlvbnMvaWRlbnRpZnlDYXJkKgsIyP360wYQqLnebTIIbm9kZWpzMjA6dgojZ2NyLmlvL2dhZS1ydW50aW1lcy9ub2RlanMyMDpzdGFibGUST3VzLWNlbnRyYWwxLWRvY2tlci5wa2cuZGV2L3NlcnZlcmxlc3MtcnVudGltZXMvZ29vZ2xlLTIyLWZ1bGwvcnVudGltZXMvbm9kZWpzMjBAAQ==","operationType":"UPDATE_FUNCTION","buildName":"projects/327141290136/locations/us-central1/builds/bf1e1449-09c1-47f5-a81d-d7e4661779f6"},"done":false}
[debug] [2026-08-14T07:08:08.064Z] Got source token Cldwcm9qZWN0cy8zMjcxNDEyOTAxMzYvbG9jYXRpb25zL3VzLWNlbnRyYWwxL2J1aWxkcy9iZjFlMTQ0OS0wOWMxLTQ3ZjUtYTgxZC1kN2U0NjYxNzc5ZjYSaXVzLWNlbnRyYWwxLWRvY2tlci5wa2cuZGV2L2NhcmQtaWQtYXBwL2djZi1hcnRpZmFjdHMvY2FyZC0taWQtLWFwcF9fdXMtLWNlbnRyYWwxX19pZGVudGlmeV9jYXJkOnZlcnNpb25fMRiY4Y/ZwgkiQXByb2plY3RzL2NhcmQtaWQtYXBwL2xvY2F0aW9ucy91cy1jZW50cmFsMS9mdW5jdGlvbnMvaWRlbnRpZnlDYXJkKgsIyP360wYQqLnebTIIbm9kZWpzMjA6dgojZ2NyLmlvL2dhZS1ydW50aW1lcy9ub2RlanMyMDpzdGFibGUST3VzLWNlbnRyYWwxLWRvY2tlci5wa2cuZGV2L3NlcnZlcmxlc3MtcnVudGltZXMvZ29vZ2xlLTIyLWZ1bGwvcnVudGltZXMvbm9kZWpzMjBAAQ== for region us-central1
[debug] [2026-08-14T07:08:18.066Z] [update-default-us-central1-identifyCard] Retrying task index 0
[debug] [2026-08-14T07:08:18.066Z] Checked if tokens are valid: true, expires at: 1786692774931
[debug] [2026-08-14T07:08:18.067Z] Checked if tokens are valid: true, expires at: 1786692774931
[debug] [2026-08-14T07:08:18.067Z] >>> [apiv2][query] GET https://cloudfunctions.googleapis.com/v2/projects/card-id-app/locations/us-central1/operations/operation-1786691229357-658fc780c9473-fe6427c9-ac54cd38 [none]
[debug] [2026-08-14T07:08:18.362Z] <<< [apiv2][status] GET https://cloudfunctions.googleapis.com/v2/projects/card-id-app/locations/us-central1/operations/operation-1786691229357-658fc780c9473-fe6427c9-ac54cd38 200
[debug] [2026-08-14T07:08:18.363Z] <<< [apiv2][body] GET https://cloudfunctions.googleapis.com/v2/projects/card-id-app/locations/us-central1/operations/operation-1786691229357-658fc780c9473-fe6427c9-ac54cd38 {"name":"projects/card-id-app/locations/us-central1/operations/operation-1786691229357-658fc780c9473-fe6427c9-ac54cd38","metadata":{"@type":"type.googleapis.com/google.cloud.functions.v2.OperationMetadata","createTime":"2026-08-14T07:07:10.277325213Z","target":"projects/card-id-app/locations/us-central1/functions/identifyCard","verb":"update","cancelRequested":false,"apiVersion":"v2","requestResource":{"@type":"type.googleapis.com/google.cloud.functions.v2.Function","name":"projects/card-id-app/locations/us-central1/functions/identifyCard","buildConfig":{"runtime":"nodejs20","entryPoint":"identifyCard","source":{"storageSource":{"bucket":"gcf-v2-sources-327141290136-us-central1","object":"identifyCard/function-source.zip","generation":"1786691230225839"}},"environmentVariables":{"GOOGLE_NODE_RUN_SCRIPTS":""},"dockerRepository":"projects/card-id-app/locations/us-central1/repositories/gcf-artifacts","sourceProvenance":{"resolvedStorageSource":{"bucket":"gcf-v2-sources-327141290136-us-central1","object":"identifyCard/function-source.zip","generation":"1786689802132593"}},"dockerRegistry":"ARTIFACT_REGISTRY","serviceAccount":"projects/card-id-app/serviceAccounts/327141290136-compute@developer.gserviceaccount.com","automaticUpdatePolicy":{}},"serviceConfig":{"service":"projects/card-id-app/locations/us-central1/services/identifycard","timeoutSeconds":60,"environmentVariables":{"FIREBASE_CONFIG":"{\"projectId\":\"card-id-app\",\"storageBucket\":\"card-id-app.firebasestorage.app\"}","GCLOUD_PROJECT":"card-id-app","EVENTARC_CLOUD_EVENT_SOURCE":"projects/card-id-app/locations/us-central1/services/identifyCard","FUNCTION_REGION":"us-central1","FUNCTION_TARGET":"identifyCard","LOG_EXECUTION_ID":"true"},"maxInstanceCount":10,"ingressSettings":"ALLOW_ALL","uri":"https://identifycard-7mkzgq7nvq-uc.a.run.app","serviceAccountEmail":"327141290136-compute@developer.gserviceaccount.com","availableMemory":"256Mi","allTrafficOnLatestRevision":true,"revision":"identifycard-00002-jun","maxInstanceRequestConcurrency":80,"availableCpu":"1"},"state":"ACTIVE","labels":{"deployment-tool":"cli-firebase","deployment-callable":"true","firebase-functions-hash":"3e20327472c51e0646816f27393a0efb67bcb7b2"},"environment":"GEN_2","url":"https://us-central1-card-id-app.cloudfunctions.net/identifyCard","satisfiesPzi":true},"stages":[{"name":"BUILD","message":"Build finished","state":"COMPLETE","resource":"projects/327141290136/locations/us-central1/builds/bf1e1449-09c1-47f5-a81d-d7e4661779f6","resourceUri":"https://console.cloud.google.com/cloud-build/builds;region=us-central1/bf1e1449-09c1-47f5-a81d-d7e4661779f6?project=327141290136"},{"name":"SERVICE","message":"Updating Cloud Run service","state":"IN_PROGRESS","resource":"projects/card-id-app/locations/us-central1/services/identifycard","resourceUri":"https://console.cloud.google.com/run/detail/us-central1/identifycard?project=card-id-app","stateMessages":[{"severity":"INFO","type":"CloudRunServiceNewRevisionTrafficInfo","message":"A new revision will be deployed serving with 100% traffic."}]}],"sourceToken":"Cldwcm9qZWN0cy8zMjcxNDEyOTAxMzYvbG9jYXRpb25zL3VzLWNlbnRyYWwxL2J1aWxkcy9iZjFlMTQ0OS0wOWMxLTQ3ZjUtYTgxZC1kN2U0NjYxNzc5ZjYSaXVzLWNlbnRyYWwxLWRvY2tlci5wa2cuZGV2L2NhcmQtaWQtYXBwL2djZi1hcnRpZmFjdHMvY2FyZC0taWQtLWFwcF9fdXMtLWNlbnRyYWwxX19pZGVudGlmeV9jYXJkOnZlcnNpb25fMRiY4Y/ZwgkiQXByb2plY3RzL2NhcmQtaWQtYXBwL2xvY2F0aW9ucy91cy1jZW50cmFsMS9mdW5jdGlvbnMvaWRlbnRpZnlDYXJkKgsIyP360wYQqLnebTIIbm9kZWpzMjA6dgojZ2NyLmlvL2dhZS1ydW50aW1lcy9ub2RlanMyMDpzdGFibGUST3VzLWNlbnRyYWwxLWRvY2tlci5wa2cuZGV2L3NlcnZlcmxlc3MtcnVudGltZXMvZ29vZ2xlLTIyLWZ1bGwvcnVudGltZXMvbm9kZWpzMjBAAQ==","operationType":"UPDATE_FUNCTION","buildName":"projects/327141290136/locations/us-central1/builds/bf1e1449-09c1-47f5-a81d-d7e4661779f6"},"done":false}
[debug] [2026-08-14T07:08:18.363Z] Got source token Cldwcm9qZWN0cy8zMjcxNDEyOTAxMzYvbG9jYXRpb25zL3VzLWNlbnRyYWwxL2J1aWxkcy9iZjFlMTQ0OS0wOWMxLTQ3ZjUtYTgxZC1kN2U0NjYxNzc5ZjYSaXVzLWNlbnRyYWwxLWRvY2tlci5wa2cuZGV2L2NhcmQtaWQtYXBwL2djZi1hcnRpZmFjdHMvY2FyZC0taWQtLWFwcF9fdXMtLWNlbnRyYWwxX19pZGVudGlmeV9jYXJkOnZlcnNpb25fMRiY4Y/ZwgkiQXByb2plY3RzL2NhcmQtaWQtYXBwL2xvY2F0aW9ucy91cy1jZW50cmFsMS9mdW5jdGlvbnMvaWRlbnRpZnlDYXJkKgsIyP360wYQqLnebTIIbm9kZWpzMjA6dgojZ2NyLmlvL2dhZS1ydW50aW1lcy9ub2RlanMyMDpzdGFibGUST3VzLWNlbnRyYWwxLWRvY2tlci5wa2cuZGV2L3NlcnZlcmxlc3MtcnVudGltZXMvZ29vZ2xlLTIyLWZ1bGwvcnVudGltZXMvbm9kZWpzMjBAAQ== for region us-central1
[debug] [2026-08-14T07:08:28.364Z] [update-default-us-central1-identifyCard] Retrying task index 0
[debug] [2026-08-14T07:08:28.365Z] Checked if tokens are valid: true, expires at: 1786692774931
[debug] [2026-08-14T07:08:28.365Z] Checked if tokens are valid: true, expires at: 1786692774931
[debug] [2026-08-14T07:08:28.365Z] >>> [apiv2][query] GET https://cloudfunctions.googleapis.com/v2/projects/card-id-app/locations/us-central1/operations/operation-1786691229357-658fc780c9473-fe6427c9-ac54cd38 [none]
[debug] [2026-08-14T07:08:28.738Z] <<< [apiv2][status] GET https://cloudfunctions.googleapis.com/v2/projects/card-id-app/locations/us-central1/operations/operation-1786691229357-658fc780c9473-fe6427c9-ac54cd38 200
[debug] [2026-08-14T07:08:28.738Z] <<< [apiv2][body] GET https://cloudfunctions.googleapis.com/v2/projects/card-id-app/locations/us-central1/operations/operation-1786691229357-658fc780c9473-fe6427c9-ac54cd38 {"name":"projects/card-id-app/locations/us-central1/operations/operation-1786691229357-658fc780c9473-fe6427c9-ac54cd38","metadata":{"@type":"type.googleapis.com/google.cloud.functions.v2.OperationMetadata","createTime":"2026-08-14T07:07:10.277325213Z","target":"projects/card-id-app/locations/us-central1/functions/identifyCard","verb":"update","cancelRequested":false,"apiVersion":"v2","requestResource":{"@type":"type.googleapis.com/google.cloud.functions.v2.Function","name":"projects/card-id-app/locations/us-central1/functions/identifyCard","buildConfig":{"runtime":"nodejs20","entryPoint":"identifyCard","source":{"storageSource":{"bucket":"gcf-v2-sources-327141290136-us-central1","object":"identifyCard/function-source.zip","generation":"1786691230225839"}},"environmentVariables":{"GOOGLE_NODE_RUN_SCRIPTS":""},"dockerRepository":"projects/card-id-app/locations/us-central1/repositories/gcf-artifacts","sourceProvenance":{"resolvedStorageSource":{"bucket":"gcf-v2-sources-327141290136-us-central1","object":"identifyCard/function-source.zip","generation":"1786689802132593"}},"dockerRegistry":"ARTIFACT_REGISTRY","serviceAccount":"projects/card-id-app/serviceAccounts/327141290136-compute@developer.gserviceaccount.com","automaticUpdatePolicy":{}},"serviceConfig":{"service":"projects/card-id-app/locations/us-central1/services/identifycard","timeoutSeconds":60,"environmentVariables":{"FIREBASE_CONFIG":"{\"projectId\":\"card-id-app\",\"storageBucket\":\"card-id-app.firebasestorage.app\"}","GCLOUD_PROJECT":"card-id-app","EVENTARC_CLOUD_EVENT_SOURCE":"projects/card-id-app/locations/us-central1/services/identifyCard","FUNCTION_REGION":"us-central1","FUNCTION_TARGET":"identifyCard","LOG_EXECUTION_ID":"true"},"maxInstanceCount":10,"ingressSettings":"ALLOW_ALL","uri":"https://identifycard-7mkzgq7nvq-uc.a.run.app","serviceAccountEmail":"327141290136-compute@developer.gserviceaccount.com","availableMemory":"256Mi","allTrafficOnLatestRevision":true,"revision":"identifycard-00002-jun","maxInstanceRequestConcurrency":80,"availableCpu":"1"},"state":"ACTIVE","labels":{"deployment-tool":"cli-firebase","deployment-callable":"true","firebase-functions-hash":"3e20327472c51e0646816f27393a0efb67bcb7b2"},"environment":"GEN_2","url":"https://us-central1-card-id-app.cloudfunctions.net/identifyCard","satisfiesPzi":true},"stages":[{"name":"BUILD","message":"Build finished","state":"COMPLETE","resource":"projects/327141290136/locations/us-central1/builds/bf1e1449-09c1-47f5-a81d-d7e4661779f6","resourceUri":"https://console.cloud.google.com/cloud-build/builds;region=us-central1/bf1e1449-09c1-47f5-a81d-d7e4661779f6?project=327141290136"},{"name":"SERVICE","message":"Updating Cloud Run service","state":"IN_PROGRESS","resource":"projects/card-id-app/locations/us-central1/services/identifycard","resourceUri":"https://console.cloud.google.com/run/detail/us-central1/identifycard?project=card-id-app","stateMessages":[{"severity":"INFO","type":"CloudRunServiceNewRevisionTrafficInfo","message":"A new revision will be deployed serving with 100% traffic."}]}],"sourceToken":"Cldwcm9qZWN0cy8zMjcxNDEyOTAxMzYvbG9jYXRpb25zL3VzLWNlbnRyYWwxL2J1aWxkcy9iZjFlMTQ0OS0wOWMxLTQ3ZjUtYTgxZC1kN2U0NjYxNzc5ZjYSaXVzLWNlbnRyYWwxLWRvY2tlci5wa2cuZGV2L2NhcmQtaWQtYXBwL2djZi1hcnRpZmFjdHMvY2FyZC0taWQtLWFwcF9fdXMtLWNlbnRyYWwxX19pZGVudGlmeV9jYXJkOnZlcnNpb25fMRiY4Y/ZwgkiQXByb2plY3RzL2NhcmQtaWQtYXBwL2xvY2F0aW9ucy91cy1jZW50cmFsMS9mdW5jdGlvbnMvaWRlbnRpZnlDYXJkKgsIyP360wYQqLnebTIIbm9kZWpzMjA6dgojZ2NyLmlvL2dhZS1ydW50aW1lcy9ub2RlanMyMDpzdGFibGUST3VzLWNlbnRyYWwxLWRvY2tlci5wa2cuZGV2L3NlcnZlcmxlc3MtcnVudGltZXMvZ29vZ2xlLTIyLWZ1bGwvcnVudGltZXMvbm9kZWpzMjBAAQ==","operationType":"UPDATE_FUNCTION","buildName":"projects/327141290136/locations/us-central1/builds/bf1e1449-09c1-47f5-a81d-d7e4661779f6"},"done":false}
[debug] [2026-08-14T07:08:28.738Z] Got source token Cldwcm9qZWN0cy8zMjcxNDEyOTAxMzYvbG9jYXRpb25zL3VzLWNlbnRyYWwxL2J1aWxkcy9iZjFlMTQ0OS0wOWMxLTQ3ZjUtYTgxZC1kN2U0NjYxNzc5ZjYSaXVzLWNlbnRyYWwxLWRvY2tlci5wa2cuZGV2L2NhcmQtaWQtYXBwL2djZi1hcnRpZmFjdHMvY2FyZC0taWQtLWFwcF9fdXMtLWNlbnRyYWwxX19pZGVudGlmeV9jYXJkOnZlcnNpb25fMRiY4Y/ZwgkiQXByb2plY3RzL2NhcmQtaWQtYXBwL2xvY2F0aW9ucy91cy1jZW50cmFsMS9mdW5jdGlvbnMvaWRlbnRpZnlDYXJkKgsIyP360wYQqLnebTIIbm9kZWpzMjA6dgojZ2NyLmlvL2dhZS1ydW50aW1lcy9ub2RlanMyMDpzdGFibGUST3VzLWNlbnRyYWwxLWRvY2tlci5wa2cuZGV2L3NlcnZlcmxlc3MtcnVudGltZXMvZ29vZ2xlLTIyLWZ1bGwvcnVudGltZXMvbm9kZWpzMjBAAQ== for region us-central1
